Archive member included to satisfy reference by file (symbol)

app/libapp.a(main.c.obj)      (--whole-archive)
zephyr/libzephyr.a(heap.c.obj)
                              (--whole-archive)
zephyr/libzephyr.a(cbprintf_packaged.c.obj)
                              (--whole-archive)
zephyr/libzephyr.a(printk.c.obj)
                              (--whole-archive)
zephyr/libzephyr.a(sem.c.obj)
                              (--whole-archive)
zephyr/libzephyr.a(thread_entry.c.obj)
                              (--whole-archive)
zephyr/libzephyr.a(cbprintf_complete.c.obj)
                              (--whole-archive)
zephyr/libzephyr.a(assert.c.obj)
                              (--whole-archive)
zephyr/libzephyr.a(dec.c.obj)
                              (--whole-archive)
zephyr/libzephyr.a(hex.c.obj)
                              (--whole-archive)
zephyr/libzephyr.a(rb.c.obj)  (--whole-archive)
zephyr/libzephyr.a(timeutil.c.obj)
                              (--whole-archive)
zephyr/libzephyr.a(bitarray.c.obj)
                              (--whole-archive)
zephyr/libzephyr.a(onoff.c.obj)
                              (--whole-archive)
zephyr/libzephyr.a(notify.c.obj)
                              (--whole-archive)
zephyr/libzephyr.a(ring_buffer.c.obj)
                              (--whole-archive)
zephyr/libzephyr.a(configs.c.obj)
                              (--whole-archive)
zephyr/libzephyr.a(mem_attr.c.obj)
                              (--whole-archive)
zephyr/libzephyr.a(tracing_none.c.obj)
                              (--whole-archive)
zephyr/arch/common/libarch__common.a(sw_isr_common.c.obj)
                              (--whole-archive)
zephyr/arch/arch/arm/core/libarch__arm__core.a(fatal.c.obj)
                              (--whole-archive)
zephyr/arch/arch/arm/core/libarch__arm__core.a(nmi.c.obj)
                              (--whole-archive)
zephyr/arch/arch/arm/core/libarch__arm__core.a(nmi_on_reset.S.obj)
                              (--whole-archive)
zephyr/arch/arch/arm/core/libarch__arm__core.a(tls.c.obj)
                              (--whole-archive)
zephyr/arch/arch/arm/core/cortex_m/libarch__arm__core__cortex_m.a(exc_exit.c.obj)
                              (--whole-archive)
zephyr/arch/arch/arm/core/cortex_m/libarch__arm__core__cortex_m.a(fault.c.obj)
                              (--whole-archive)
zephyr/arch/arch/arm/core/cortex_m/libarch__arm__core__cortex_m.a(fault_s.S.obj)
                              (--whole-archive)
zephyr/arch/arch/arm/core/cortex_m/libarch__arm__core__cortex_m.a(fpu.c.obj)
                              (--whole-archive)
zephyr/arch/arch/arm/core/cortex_m/libarch__arm__core__cortex_m.a(reset.S.obj)
                              (--whole-archive)
zephyr/arch/arch/arm/core/cortex_m/libarch__arm__core__cortex_m.a(scb.c.obj)
                              (--whole-archive)
zephyr/arch/arch/arm/core/cortex_m/libarch__arm__core__cortex_m.a(thread_abort.c.obj)
                              (--whole-archive)
zephyr/arch/arch/arm/core/cortex_m/libarch__arm__core__cortex_m.a(vector_table.S.obj)
                              (--whole-archive)
zephyr/arch/arch/arm/core/cortex_m/libarch__arm__core__cortex_m.a(swap_helper.S.obj)
                              (--whole-archive)
zephyr/arch/arch/arm/core/cortex_m/libarch__arm__core__cortex_m.a(irq_manage.c.obj)
                              (--whole-archive)
zephyr/arch/arch/arm/core/cortex_m/libarch__arm__core__cortex_m.a(prep_c.c.obj)
                              (--whole-archive)
zephyr/arch/arch/arm/core/cortex_m/libarch__arm__core__cortex_m.a(thread.c.obj)
                              (--whole-archive)
zephyr/arch/arch/arm/core/cortex_m/libarch__arm__core__cortex_m.a(cpu_idle.c.obj)
                              (--whole-archive)
zephyr/arch/arch/arm/core/cortex_m/libarch__arm__core__cortex_m.a(irq_init.c.obj)
                              (--whole-archive)
zephyr/arch/arch/arm/core/cortex_m/libarch__arm__core__cortex_m.a(isr_wrapper.c.obj)
                              (--whole-archive)
zephyr/arch/arch/arm/core/cortex_m/libarch__arm__core__cortex_m.a(__aeabi_read_tp.S.obj)
                              (--whole-archive)
zephyr/arch/arch/arm/core/mpu/libarch__arm__core__mpu.a(arm_core_mpu.c.obj)
                              (--whole-archive)
zephyr/arch/arch/arm/core/mpu/libarch__arm__core__mpu.a(arm_mpu.c.obj)
                              (--whole-archive)
zephyr/arch/arch/arm/core/mpu/libarch__arm__core__mpu.a(arm_mpu_regions.c.obj)
                              (--whole-archive)
zephyr/lib/libc/picolibc/liblib__libc__picolibc.a(assert.c.obj)
                              (--whole-archive)
zephyr/lib/libc/picolibc/liblib__libc__picolibc.a(cbprintf.c.obj)
                              (--whole-archive)
zephyr/lib/libc/picolibc/liblib__libc__picolibc.a(chk_fail.c.obj)
                              (--whole-archive)
zephyr/lib/libc/picolibc/liblib__libc__picolibc.a(errno_wrap.c.obj)
[...]
Memory Configuration

Name             Origin             Length             Attributes
FLASH            0x0000000000000000 0x0000000000100000 xr
RAM              0x0000000020000000 0x0000000000040000 xw
IDT_LIST         0x00000000ffff7fff 0x0000000000008000 xw
*default*        0x0000000000000000 0xffffffffffffffff

Linker script and memory map

                0x0000000000015e7c                vfprintf = __l_vfprintf
                0x0000000000000000                vfscanf = __l_vfscanf
LOAD zephyr/CMakeFiles/zephyr_pre0.dir/misc/empty_file.c.obj
LOAD zephyr/CMakeFiles/offsets.dir/./arch/arm/core/offsets/offsets.c.obj
LOAD app/libapp.a
LOAD zephyr/libzephyr.a
LOAD zephyr/arch/common/libarch__common.a
LOAD zephyr/arch/arch/arm/core/libarch__arm__core.a
LOAD zephyr/arch/arch/arm/core/cortex_m/libarch__arm__core__cortex_m.a
LOAD zephyr/arch/arch/arm/core/mpu/libarch__arm__core__mpu.a
LOAD zephyr/lib/libc/picolibc/liblib__libc__picolibc.a
LOAD zephyr/lib/libc/common/liblib__libc__common.a
LOAD zephyr/lib/net_buf/liblib__net_buf.a
LOAD zephyr/soc/soc/nrf52840/libsoc__nordic.a
LOAD zephyr/subsys/random/libsubsys__random.a
LOAD zephyr/subsys/bluetooth/common/libsubsys__bluetooth__common.a
LOAD zephyr/subsys/bluetooth/host/libsubsys__bluetooth__host.a
LOAD zephyr/subsys/bluetooth/controller/libsubsys__bluetooth__controller.a
LOAD zephyr/subsys/bluetooth/controller/ll_sw/nordic/libsubsys__bluetooth__controller__ll_sw__nordic.a
LOAD zephyr/drivers/clock_control/libdrivers__clock_control.a
LOAD zephyr/drivers/console/libdrivers__console.a
LOAD zephyr/drivers/entropy/libdrivers__entropy.a
LOAD zephyr/drivers/gpio/libdrivers__gpio.a
LOAD zephyr/drivers/pinctrl/libdrivers__pinctrl.a
LOAD zephyr/drivers/serial/libdrivers__serial.a
LOAD zephyr/drivers/timer/libdrivers__timer.a
LOAD modules/hal_nordic/nrfx/libmodules__hal_nordic__nrfx.a
LOAD modules/segger/libmodules__segger.a
LOAD zephyr/kernel/libkernel.a
LOAD zephyr/arch/common/libisr_tables.a
LOAD /home/james/zephyr_install/zephyr-sdk-0.17.0/arm-zephyr-eabi/bin/../lib/gcc/../../picolibc/arm-zephyr-eabi/lib/thumb/v7e-m/nofp/libc.a
LOAD /home/james/zephyr_install/zephyr-sdk-0.17.0/arm-zephyr-eabi/bin/../lib/gcc/arm-zephyr-eabi/12.2.0/thumb/v7e-m/nofp/libgcc.a
                0x0000000000000020                _region_min_align = 0x20

.rel.plt        0x0000000000000000        0x0
 *(SORT_BY_ALIGNMENT(.rel.plt))
                [!provide]                        PROVIDE (__rel_iplt_start = .)
 *(SORT_BY_ALIGNMENT(.rel.iplt))
 .rel.iplt      0x0000000000000000        0x0 app/libapp.a(main.c.obj)
                [!provide]                        PROVIDE (__rel_iplt_end = .)

.rela.plt       0x0000000000000000        0x0
 *(SORT_BY_ALIGNMENT(.rela.plt))
                [!provide]                        PROVIDE (__rela_iplt_start = .)
 *(SORT_BY_ALIGNMENT(.rela.iplt))
                [!provide]                        PROVIDE (__rela_iplt_end = .)

.rel.dyn
 *(SORT_BY_ALIGNMENT(.rel.*))

.rela.dyn
 *(SORT_BY_ALIGNMENT(.rela.*))

/DISCARD/
 *(SORT_BY_ALIGNMENT(.plt))

/DISCARD/
 *(SORT_BY_ALIGNMENT(.iplt))
                0x0000000000000000                __rom_region_start = 0x0

rom_start       0x0000000000000000      0x100
                0x0000000000000000                __rom_start_address = .
 FILL mask 0x00
                0x0000000000000000                . = (. + (0x0 - (. - __rom_start_address)))
                0x0000000000000000                . = ALIGN (0x4)
                0x0000000000000000                . = ALIGN (0x80)
                0x0000000000000000                . = ALIGN (0x100)
                0x0000000000000000                _vector_start = .
 *(SORT_BY_ALIGNMENT(.exc_vector_table))
 *(SORT_BY_ALIGNMENT(.exc_vector_table.*))
 .exc_vector_table._vector_table_section
                0x0000000000000000       0x40 zephyr/arch/arch/arm/core/cortex_m/libarch__arm__core__cortex_m.a(vector_table.S.obj)
                0x0000000000000000                _vector_table
 *(SORT_BY_ALIGNMENT(.vectors))
                0x0000000000000100                _vector_end = .
                0x0000000000000040                . = ALIGN (0x4)
 *(SORT_BY_ALIGNMENT(.gnu.linkonce.irq_vector_table*))
 .gnu.linkonce.irq_vector_table
                0x0000000000000040       0xc0 zephyr/arch/common/libisr_tables.a(isr_tables.c.obj)
                0x0000000000000040                _irq_vector_table
                0x0000000000000100                _vector_end = .

text            0x0000000000000100    0x196f0
                0x0000000000000100                __text_region_start = .
 *(SORT_BY_ALIGNMENT(.text))
 .text          0x0000000000000100       0x30 /home/james/zephyr_install/zephyr-sdk-0.17.0/arm-zephyr-eabi/bin/../lib/gcc/arm-zephyr-eabi/12.2.0/thumb/v7e-m/nofp/libgcc.a(_aeabi_uldivmod.o)
                0x0000000000000100                __aeabi_uldivmod
 .text          0x0000000000000130        0x4 /home/james/zephyr_install/zephyr-sdk-0.17.0/arm-zephyr-eabi/bin/../lib/gcc/arm-zephyr-eabi/12.2.0/thumb/v7e-m/nofp/libgcc.a(_dvmd_tls.o)
                0x0000000000000130                __aeabi_ldiv0
                0x0000000000000130                __aeabi_idiv0
 .text          0x0000000000000134       0x14 /home/james/zephyr_install/zephyr-sdk-0.17.0/arm-zephyr-eabi/bin/../lib/gcc/../../picolibc/arm-zephyr-eabi/lib/thumb/v7e-m/nofp/libc.a(strcmp.S.o)
                0x0000000000000134                strcmp
 .text          0x0000000000000148       0x10 /home/james/zephyr_install/zephyr-sdk-0.17.0/arm-zephyr-eabi/bin/../lib/gcc/../../picolibc/arm-zephyr-eabi/lib/thumb/v7e-m/nofp/libc.a(strcpy.S.o)
                0x0000000000000148                strcpy
 .text          0x0000000000000158       0x10 /home/james/zephyr_install/zephyr-sdk-0.17.0/arm-zephyr-eabi/bin/../lib/gcc/../../picolibc/arm-zephyr-eabi/lib/thumb/v7e-m/nofp/libc.a(strlen.S.o)
                0x0000000000000158                strlen
 .text          0x0000000000000168      0x2a0 /home/james/zephyr_install/zephyr-sdk-0.17.0/arm-zephyr-eabi/bin/../lib/gcc/arm-zephyr-eabi/12.2.0/thumb/v7e-m/nofp/libgcc.a(_udivmoddi4.o)
                0x0000000000000168                __udivmoddi4
 *(SORT_BY_ALIGNMENT(.text.*))
 .text.ull_drift_ticks_get
                0x0000000000000408       0x90 zephyr/subsys/bluetooth/controller/libsubsys__bluetooth__controller.a(ull.c.obj)
                0x0000000000000408                ull_drift_ticks_get
 .text.ll_adv_enable
                0x0000000000000498      0x340 zephyr/subsys/bluetooth/controller/libsubsys__bluetooth__controller.a(ull_adv.c.obj)
                0x0000000000000498                ll_adv_enable
 .text.ull_adv_time_update
                0x00000000000007d8       0xbc zephyr/subsys/bluetooth/controller/libsubsys__bluetooth__controller.a(ull_adv.c.obj)
                0x00000000000007d8                ull_adv_time_update
 *fill*         0x0000000000000894        0x4 
 .text.ull_conn_update_ticker.constprop.0
                0x0000000000000898      0x134 zephyr/subsys/bluetooth/controller/libsubsys__bluetooth__controller.a(ull_conn.c.obj)
 *fill*         0x00000000000009cc        0x4 
 .text.ull_conn_done
                0x00000000000009d0      0x410 zephyr/subsys/bluetooth/controller/libsubsys__bluetooth__controller.a(ull_conn.c.obj)
                0x00000000000009d0                ull_conn_done
 .text.ull_conn_update_parameters
                0x0000000000000de0      0x2e0 zephyr/subsys/bluetooth/controller/libsubsys__bluetooth__controller.a(ull_conn.c.obj)
                0x0000000000000de0                ull_conn_update_parameters
 .text.ull_periph_setup
                0x00000000000010c0      0x440 zephyr/subsys/bluetooth/controller/libsubsys__bluetooth__controller.a(ull_peripheral.c.obj)
                0x00000000000010c0                ull_periph_setup
 .text.prepare_cb
                0x0000000000001500      0x14c zephyr/subsys/bluetooth/controller/ll_sw/nordic/libsubsys__bluetooth__controller__ll_sw__nordic.a(lll_adv.c.obj)
 *fill*         0x000000000000164c        0x4 
 .text.prepare_cb
                0x0000000000001650      0x260 zephyr/subsys/bluetooth/controller/ll_sw/nordic/libsubsys__bluetooth__controller__ll_sw__nordic.a(lll_peripheral.c.obj)
 .text.write_y_pos
                0x00000000000018b0       0x20 app/libapp.a(main.c.obj)
 .text.write_x_pos
                0x00000000000018d0       0x20 app/libapp.a(main.c.obj)
 .text.main     0x00000000000018f0       0x9c app/libapp.a(main.c.obj)
                0x00000000000018f0                main
 .text.char_out
                0x000000000000198c        0xc zephyr/libzephyr.a(printk.c.obj)
 .text.__printk_hook_install
                0x0000000000001998        0xc zephyr/libzephyr.a(printk.c.obj)
                0x0000000000001998                __printk_hook_install
 .text.vprintk  0x00000000000019a4       0x30 zephyr/libzephyr.a(printk.c.obj)
                0x00000000000019a4                vprintk
 .text.z_thread_entry
                0x00000000000019d4       0x34 zephyr/libzephyr.a(thread_entry.c.obj)
                0x00000000000019d4                z_thread_entry
 .text.process_event
                0x0000000000001a08      0x21c zephyr/libzephyr.a(onoff.c.obj)
 .text.mem_attr_get_regions
                0x0000000000001c24        0xc zephyr/libzephyr.a(mem_attr.c.obj)
                0x0000000000001c24                mem_attr_get_regions
 .text.z_SysNmiOnReset
                0x0000000000001c30        0x8 zephyr/arch/arch/arm/core/libarch__arm__core.a(nmi_on_reset.S.obj)
                0x0000000000001c30                z_SysNmiOnReset
 .text.arch_tls_stack_setup
                0x0000000000001c38       0x40 zephyr/arch/arch/arm/core/libarch__arm__core.a(tls.c.obj)
                0x0000000000001c38                arch_tls_stack_setup
 .text._HandlerModeExit
                0x0000000000001c78       0x20 zephyr/arch/arch/arm/core/cortex_m/libarch__arm__core__cortex_m.a(exc_exit.c.obj)
                0x0000000000001c78                z_arm_exc_exit
                0x0000000000001c78                z_arm_int_exit
 .text.mem_manage_fault
                0x0000000000001c98       0xa0 zephyr/arch/arch/arm/core/cortex_m/libarch__arm__core__cortex_m.a(fault.c.obj)
 .text.usage_fault.constprop.0
                0x0000000000001d38       0x54 zephyr/arch/arch/arm/core/cortex_m/libarch__arm__core__cortex_m.a(fault.c.obj)
 .text.bus_fault.constprop.0
                0x0000000000001d8c       0x6c zephyr/arch/arch/arm/core/cortex_m/libarch__arm__core__cortex_m.a(fault.c.obj)
 .text.z_arm_fault
                0x0000000000001df8      0x128 zephyr/arch/arch/arm/core/cortex_m/libarch__arm__core__cortex_m.a(fault.c.obj)
                0x0000000000001df8                z_arm_fault
 .text.z_arm_fault_init
                0x0000000000001f20       0x18 zephyr/arch/arch/arm/core/cortex_m/libarch__arm__core__cortex_m.a(fault.c.obj)
                0x0000000000001f20                z_arm_fault_init
 .text.__fault  0x0000000000001f38       0x14 zephyr/arch/arch/arm/core/cortex_m/libarch__arm__core__cortex_m.a(fault_s.S.obj)
                0x0000000000001f38                z_arm_bus_fault
                0x0000000000001f38                z_arm_usage_fault
                0x0000000000001f38                z_arm_mpu_fault
                0x0000000000001f38                z_arm_exc_spurious
                0x0000000000001f38                z_arm_debug_monitor
                0x0000000000001f38                z_arm_hard_fault
 .text._reset_section
                0x0000000000001f4c       0x38 zephyr/arch/arch/arm/core/cortex_m/libarch__arm__core__cortex_m.a(reset.S.obj)
                0x0000000000001f4c                z_arm_reset
                0x0000000000001f4c                __start
 .text.z_impl_k_thread_abort
                0x0000000000001f84       0x2c zephyr/arch/arch/arm/core/cortex_m/libarch__arm__core__cortex_m.a(thread_abort.c.obj)
                0x0000000000001f84                z_impl_k_thread_abort
 .text.z_arm_pendsv
                0x0000000000001fb0       0x60 zephyr/arch/arch/arm/core/cortex_m/libarch__arm__core__cortex_m.a(swap_helper.S.obj)
                0x0000000000001fb0                z_arm_pendsv
 .text.z_arm_svc
                0x0000000000002010       0x24 zephyr/arch/arch/arm/core/cortex_m/libarch__arm__core__cortex_m.a(swap_helper.S.obj)
                0x0000000000002010                z_arm_svc
 .text.arm_irq_enable
                0x0000000000002034       0x1c zephyr/arch/arch/arm/core/cortex_m/libarch__arm__core__cortex_m.a(irq_manage.c.obj)
                0x0000000000002034                arm_irq_enable
 .text.arm_irq_disable
                0x0000000000002050       0x28 zephyr/arch/arch/arm/core/cortex_m/libarch__arm__core__cortex_m.a(irq_manage.c.obj)
                0x0000000000002050                arm_irq_disable
 .text.arm_irq_is_enabled
                0x0000000000002078       0x1c zephyr/arch/arch/arm/core/cortex_m/libarch__arm__core__cortex_m.a(irq_manage.c.obj)
                0x0000000000002078                arm_irq_is_enabled
 .text.arm_irq_priority_set
                0x0000000000002094       0x30 zephyr/arch/arch/arm/core/cortex_m/libarch__arm__core__cortex_m.a(irq_manage.c.obj)
                0x0000000000002094                arm_irq_priority_set
 .text.z_prep_c
                0x00000000000020c4       0x48 zephyr/arch/arch/arm/core/cortex_m/libarch__arm__core__cortex_m.a(prep_c.c.obj)
                0x00000000000020c4                z_prep_c
 .text.arch_new_thread
                0x000000000000210c       0x38 zephyr/arch/arch/arm/core/cortex_m/libarch__arm__core__cortex_m.a(thread.c.obj)
                0x000000000000210c                arch_new_thread
 .text.z_check_thread_stack_fail
                0x0000000000002144       0x2c zephyr/arch/arch/arm/core/cortex_m/libarch__arm__core__cortex_m.a(thread.c.obj)
                0x0000000000002144                z_check_thread_stack_fail
 .text.arch_switch_to_main_thread
                0x0000000000002170       0x3c zephyr/arch/arch/arm/core/cortex_m/libarch__arm__core__cortex_m.a(thread.c.obj)
                0x0000000000002170                arch_switch_to_main_thread
 .text.z_arm_cpu_idle_init
                0x00000000000021ac        0xc zephyr/arch/arch/arm/core/cortex_m/libarch__arm__core__cortex_m.a(cpu_idle.c.obj)
                0x00000000000021ac                z_arm_cpu_idle_init
 .text.z_arm_interrupt_init
                0x00000000000021b8       0x18 zephyr/arch/arch/arm/core/cortex_m/libarch__arm__core__cortex_m.a(irq_init.c.obj)
                0x00000000000021b8                z_arm_interrupt_init
 .text._isr_wrapper
                0x00000000000021d0       0x24 zephyr/arch/arch/arm/core/cortex_m/libarch__arm__core__cortex_m.a(isr_wrapper.c.obj)
                0x00000000000021d0                _isr_wrapper
 .text.z_arm_configure_static_mpu_regions
                0x00000000000021f4       0x18 zephyr/arch/arch/arm/core/mpu/libarch__arm__core__mpu.a(arm_core_mpu.c.obj)
                0x00000000000021f4                z_arm_configure_static_mpu_regions
 .text.z_arm_configure_dynamic_mpu_regions
                0x000000000000220c       0x20 zephyr/arch/arch/arm/core/mpu/libarch__arm__core__mpu.a(arm_core_mpu.c.obj)
                0x000000000000220c                z_arm_configure_dynamic_mpu_regions
 .text.region_init
                0x000000000000222c       0x28 zephyr/arch/arch/arm/core/mpu/libarch__arm__core__mpu.a(arm_mpu.c.obj)
 .text.mpu_configure_regions
                0x0000000000002254       0x6c zephyr/arch/arch/arm/core/mpu/libarch__arm__core__mpu.a(arm_mpu.c.obj)
 .text.arm_core_mpu_enable
                0x00000000000022c0       0x18 zephyr/arch/arch/arm/core/mpu/libarch__arm__core__mpu.a(arm_mpu.c.obj)
                0x00000000000022c0                arm_core_mpu_enable
 .text.arm_core_mpu_disable
                0x00000000000022d8       0x14 zephyr/arch/arch/arm/core/mpu/libarch__arm__core__mpu.a(arm_mpu.c.obj)
                0x00000000000022d8                arm_core_mpu_disable
 .text.arm_core_mpu_configure_static_mpu_regions
                0x00000000000022ec       0x14 zephyr/arch/arch/arm/core/mpu/libarch__arm__core__mpu.a(arm_mpu.c.obj)
                0x00000000000022ec                arm_core_mpu_configure_static_mpu_regions
 .text.arm_core_mpu_configure_dynamic_mpu_regions
                0x0000000000002300       0x38 zephyr/arch/arch/arm/core/mpu/libarch__arm__core__mpu.a(arm_mpu.c.obj)
                0x0000000000002300                arm_core_mpu_configure_dynamic_mpu_regions
 .text.z_arm_mpu_init
                0x0000000000002338      0x168 zephyr/arch/arch/arm/core/mpu/libarch__arm__core__mpu.a(arm_mpu.c.obj)
                0x0000000000002338                z_arm_mpu_init
 .text.z_impl_zephyr_fputc
                0x00000000000024a0       0x10 zephyr/lib/libc/picolibc/liblib__libc__picolibc.a(stdio.c.obj)
                0x00000000000024a0                z_impl_zephyr_fputc
 .text.__stdout_hook_install
                0x00000000000024b0       0x18 zephyr/lib/libc/picolibc/liblib__libc__picolibc.a(stdio.c.obj)
                0x00000000000024b0                __stdout_hook_install
 .text.malloc_prepare
                0x00000000000024c8       0x24 zephyr/lib/libc/common/liblib__libc__common.a(malloc.c.obj)
 .text.net_buf_destroy
                0x00000000000024ec       0x38 zephyr/lib/net_buf/liblib__net_buf.a(buf.c.obj)
 .text.net_buf_pool_get
                0x0000000000002524       0x10 zephyr/lib/net_buf/liblib__net_buf.a(buf.c.obj)
                0x0000000000002524                net_buf_pool_get
 .text.net_buf_id
                0x0000000000002534       0x20 zephyr/lib/net_buf/liblib__net_buf.a(buf.c.obj)
                0x0000000000002534                net_buf_id
 .text.fixed_data_alloc
                0x0000000000002554       0x24 zephyr/lib/net_buf/liblib__net_buf.a(buf.c.obj)
 .text.net_buf_alloc_len
                0x0000000000002578       0xfc zephyr/lib/net_buf/liblib__net_buf.a(buf.c.obj)
                0x0000000000002578                net_buf_alloc_len
 .text.net_buf_unref
                0x0000000000002674       0x38 zephyr/lib/net_buf/liblib__net_buf.a(buf.c.obj)
                0x0000000000002674                net_buf_unref
 .text.nordicsemi_nrf52_init
                0x00000000000026ac       0x44 zephyr/soc/soc/nrf52840/libsoc__nordic.a(soc.c.obj)
 .text.arch_busy_wait
                0x00000000000026f0       0x14 zephyr/soc/soc/nrf52840/libsoc__nordic.a(soc.c.obj)
                0x00000000000026f0                arch_busy_wait
 .text.xoshiro128_initialize
                0x0000000000002704       0x18 zephyr/subsys/random/libsubsys__random.a(random_xoshiro128.c.obj)
 .text.uuid_to_uuid128
                0x000000000000271c       0x78 zephyr/subsys/bluetooth/host/libsubsys__bluetooth__host.a(uuid.c.obj)
 .text.bt_addr_le_from_str
                0x0000000000002794       0xa4 zephyr/subsys/bluetooth/host/libsubsys__bluetooth__host.a(addr.c.obj)
                0x0000000000002794                bt_addr_le_from_str
 .text.hci_rx_pool_destroy
                0x0000000000002838       0x20 zephyr/subsys/bluetooth/host/libsubsys__bluetooth__host.a(buf.c.obj)
 .text.bt_buf_get_rx
                0x0000000000002858       0x20 zephyr/subsys/bluetooth/host/libsubsys__bluetooth__host.a(buf.c.obj)
                0x0000000000002858                bt_buf_get_rx
 .text.bt_buf_get_evt
                0x0000000000002878       0x40 zephyr/subsys/bluetooth/host/libsubsys__bluetooth__host.a(buf.c.obj)
                0x0000000000002878                bt_buf_get_evt
 .text.hci_disconn_complete_prio
                0x00000000000028b8       0x4c zephyr/subsys/bluetooth/host/libsubsys__bluetooth__host.a(hci_core.c.obj)
 .text.find_pending_connect.part.0
                0x0000000000002904       0x2c zephyr/subsys/bluetooth/host/libsubsys__bluetooth__host.a(hci_core.c.obj)
 .text.hci_vendor_event
                0x0000000000002930       0x20 zephyr/subsys/bluetooth/host/libsubsys__bluetooth__host.a(hci_core.c.obj)
 .text.hci_le_meta_event
                0x0000000000002950       0x20 zephyr/subsys/bluetooth/host/libsubsys__bluetooth__host.a(hci_core.c.obj)
 .text.rx_work_handler
                0x0000000000002970       0xe0 zephyr/subsys/bluetooth/host/libsubsys__bluetooth__host.a(hci_core.c.obj)
 .text.hci_cmd_done
                0x0000000000002a50      0x110 zephyr/subsys/bluetooth/host/libsubsys__bluetooth__host.a(hci_core.c.obj)
 .text.hci_reset_complete
                0x0000000000002b60       0x2c zephyr/subsys/bluetooth/host/libsubsys__bluetooth__host.a(hci_core.c.obj)
 .text.bt_hci_cmd_state_set_init
                0x0000000000002b8c       0x24 zephyr/subsys/bluetooth/host/libsubsys__bluetooth__host.a(hci_core.c.obj)
                0x0000000000002b8c                bt_hci_cmd_state_set_init
 .text.bt_hci_cmd_create
                0x0000000000002bb0       0x78 zephyr/subsys/bluetooth/host/libsubsys__bluetooth__host.a(hci_core.c.obj)
                0x0000000000002bb0                bt_hci_cmd_create
 .text.bt_send  0x0000000000002c28       0x14 zephyr/subsys/bluetooth/host/libsubsys__bluetooth__host.a(hci_core.c.obj)
                0x0000000000002c28                bt_send
 .text.hci_event_prio
                0x0000000000002c3c       0x8c zephyr/subsys/bluetooth/host/libsubsys__bluetooth__host.a(hci_core.c.obj)
                0x0000000000002c3c                hci_event_prio
 .text.bt_hci_recv
                0x0000000000002cc8       0x60 zephyr/subsys/bluetooth/host/libsubsys__bluetooth__host.a(hci_core.c.obj)
                0x0000000000002cc8                bt_hci_recv
 .text.bt_finalize_init
                0x0000000000002d28        0xc zephyr/subsys/bluetooth/host/libsubsys__bluetooth__host.a(hci_core.c.obj)
                0x0000000000002d28                bt_finalize_init
 .text.bt_get_name
                0x0000000000002d34        0x8 zephyr/subsys/bluetooth/host/libsubsys__bluetooth__host.a(hci_core.c.obj)
                0x0000000000002d34                bt_get_name
 .text.bt_tx_irq_raise
                0x0000000000002d3c        0xc zephyr/subsys/bluetooth/host/libsubsys__bluetooth__host.a(hci_core.c.obj)
                0x0000000000002d3c                bt_tx_irq_raise
 .text.bt_hci_cmd_send
                0x0000000000002d48       0x48 zephyr/subsys/bluetooth/host/libsubsys__bluetooth__host.a(hci_core.c.obj)
                0x0000000000002d48                bt_hci_cmd_send
 .text.process_pending_cmd
                0x0000000000002d90       0xb0 zephyr/subsys/bluetooth/host/libsubsys__bluetooth__host.a(hci_core.c.obj)
 .text.bt_hci_cmd_send_sync
                0x0000000000002e40      0x170 zephyr/subsys/bluetooth/host/libsubsys__bluetooth__host.a(hci_core.c.obj)
                0x0000000000002e40                bt_hci_cmd_send_sync
 .text.bt_init  0x0000000000002fb0      0x304 zephyr/subsys/bluetooth/host/libsubsys__bluetooth__host.a(hci_core.c.obj)
 .text.init_work
                0x00000000000032b4       0x18 zephyr/subsys/bluetooth/host/libsubsys__bluetooth__host.a(hci_core.c.obj)
 .text.bt_enable
                0x00000000000032cc       0xb0 zephyr/subsys/bluetooth/host/libsubsys__bluetooth__host.a(hci_core.c.obj)
                0x00000000000032cc                bt_enable
 .text.bt_hci_le_rand
                0x000000000000337c       0x58 zephyr/subsys/bluetooth/host/libsubsys__bluetooth__host.a(hci_core.c.obj)
                0x000000000000337c                bt_hci_le_rand
 .text.bt_hci_le_enh_conn_complete
                0x00000000000033d4      0x17c zephyr/subsys/bluetooth/host/libsubsys__bluetooth__host.a(hci_core.c.obj)
                0x00000000000033d4                bt_hci_le_enh_conn_complete
 .text.le_legacy_conn_complete
                0x0000000000003550       0x80 zephyr/subsys/bluetooth/host/libsubsys__bluetooth__host.a(hci_core.c.obj)
 .text.hci_cmd_complete
                0x00000000000035d0       0x3c zephyr/subsys/bluetooth/host/libsubsys__bluetooth__host.a(hci_core.c.obj)
 .text.hci_cmd_status
                0x000000000000360c       0x30 zephyr/subsys/bluetooth/host/libsubsys__bluetooth__host.a(hci_core.c.obj)
 .text.bt_hci_evt_create
                0x000000000000363c       0x50 zephyr/subsys/bluetooth/host/libsubsys__bluetooth__host.a(hci_common.c.obj)
                0x000000000000363c                bt_hci_evt_create
 .text.id_find  0x000000000000368c       0x30 zephyr/subsys/bluetooth/host/libsubsys__bluetooth__host.a(id.c.obj)
 .text.set_random_address
                0x00000000000036bc       0x58 zephyr/subsys/bluetooth/host/libsubsys__bluetooth__host.a(id.c.obj)
 .text.id_create.constprop.0
                0x0000000000003714       0x74 zephyr/subsys/bluetooth/host/libsubsys__bluetooth__host.a(id.c.obj)
 .text.bt_id_create
                0x0000000000003788       0x88 zephyr/subsys/bluetooth/host/libsubsys__bluetooth__host.a(id.c.obj)
                0x0000000000003788                bt_id_create
 .text.bt_id_read_public_addr
                0x0000000000003810       0x6c zephyr/subsys/bluetooth/host/libsubsys__bluetooth__host.a(id.c.obj)
                0x0000000000003810                bt_id_read_public_addr
 .text.bt_setup_public_id_addr
                0x000000000000387c       0x20 zephyr/subsys/bluetooth/host/libsubsys__bluetooth__host.a(id.c.obj)
                0x000000000000387c                bt_setup_public_id_addr
 .text.bt_setup_random_id_addr
                0x000000000000389c       0xac zephyr/subsys/bluetooth/host/libsubsys__bluetooth__host.a(id.c.obj)
                0x000000000000389c                bt_setup_random_id_addr
 .text.bt_id_set_adv_own_addr
                0x0000000000003948       0xd0 zephyr/subsys/bluetooth/host/libsubsys__bluetooth__host.a(id.c.obj)
                0x0000000000003948                bt_id_set_adv_own_addr
 .text.bt_id_init
                0x0000000000003a18       0x30 zephyr/subsys/bluetooth/host/libsubsys__bluetooth__host.a(id.c.obj)
                0x0000000000003a18                bt_id_init
 .text.valid_adv_param
                0x0000000000003a48       0x84 zephyr/subsys/bluetooth/host/libsubsys__bluetooth__host.a(adv.c.obj)
 .text.adv_is_directed
                0x0000000000003acc       0x18 zephyr/subsys/bluetooth/host/libsubsys__bluetooth__host.a(adv.c.obj)
 .text.le_adv_start_add_conn
                0x0000000000003ae4       0x60 zephyr/subsys/bluetooth/host/libsubsys__bluetooth__host.a(adv.c.obj)
 .text.bt_le_adv_lookup_legacy
                0x0000000000003b44        0x8 zephyr/subsys/bluetooth/host/libsubsys__bluetooth__host.a(adv.c.obj)
                0x0000000000003b44                bt_le_adv_lookup_legacy
 .text.bt_le_adv_start_legacy
                0x0000000000003b4c      0x264 zephyr/subsys/bluetooth/host/libsubsys__bluetooth__host.a(adv.c.obj)
                0x0000000000003b4c                bt_le_adv_start_legacy
 .text.bt_le_adv_start
                0x0000000000003db0       0x64 zephyr/subsys/bluetooth/host/libsubsys__bluetooth__host.a(adv.c.obj)
                0x0000000000003db0                bt_le_adv_start
 .text.bt_le_adv_stop
                0x0000000000003e14       0x78 zephyr/subsys/bluetooth/host/libsubsys__bluetooth__host.a(adv.c.obj)
                0x0000000000003e14                bt_le_adv_stop
 .text.bt_le_adv_resume
                0x0000000000003e8c       0xd4 zephyr/subsys/bluetooth/host/libsubsys__bluetooth__host.a(adv.c.obj)
                0x0000000000003e8c                bt_le_adv_resume
 .text.notify_connected
                0x0000000000003f60       0x40 zephyr/subsys/bluetooth/host/libsubsys__bluetooth__host.a(conn.c.obj)
 .text.frag_destroy
                0x0000000000003fa0       0x20 zephyr/subsys/bluetooth/host/libsubsys__bluetooth__host.a(conn.c.obj)
                0x0000000000003fa0                frag_destroy
 .text.conn_tx_destroy
                0x0000000000003fc0       0x2c zephyr/subsys/bluetooth/host/libsubsys__bluetooth__host.a(conn.c.obj)
 .text.get_data_frag
                0x0000000000003fec       0x38 zephyr/subsys/bluetooth/host/libsubsys__bluetooth__host.a(conn.c.obj)
 .text.perform_auto_initiated_procedures
                0x0000000000004024       0x60 zephyr/subsys/bluetooth/host/libsubsys__bluetooth__host.a(conn.c.obj)
 .text.recycled_work_handler
                0x0000000000004084       0x54 zephyr/subsys/bluetooth/host/libsubsys__bluetooth__host.a(conn.c.obj)
 .text.tx_notify_process
                0x00000000000040d8       0x60 zephyr/subsys/bluetooth/host/libsubsys__bluetooth__host.a(conn.c.obj)
 .text.bt_conn_get_pkts
                0x0000000000004138       0x18 zephyr/subsys/bluetooth/host/libsubsys__bluetooth__host.a(conn.c.obj)
                0x0000000000004138                bt_conn_get_pkts
 .text.bt_conn_tx_notify
                0x0000000000004150       0x44 zephyr/subsys/bluetooth/host/libsubsys__bluetooth__host.a(conn.c.obj)
                0x0000000000004150                bt_conn_tx_notify
 .text.bt_conn_new
                0x0000000000004194       0x64 zephyr/subsys/bluetooth/host/libsubsys__bluetooth__host.a(conn.c.obj)
                0x0000000000004194                bt_conn_new
 .text.bt_conn_data_ready
                0x00000000000041f8       0x54 zephyr/subsys/bluetooth/host/libsubsys__bluetooth__host.a(conn.c.obj)
                0x00000000000041f8                bt_conn_data_ready
 .text.get_conn_ready
                0x000000000000424c      0x100 zephyr/subsys/bluetooth/host/libsubsys__bluetooth__host.a(conn.c.obj)
                0x000000000000424c                get_conn_ready
 .text.bt_conn_unref
                0x000000000000434c       0x54 zephyr/subsys/bluetooth/host/libsubsys__bluetooth__host.a(conn.c.obj)
                0x000000000000434c                bt_conn_unref
 .text.bt_conn_set_state
                0x00000000000043a0      0x114 zephyr/subsys/bluetooth/host/libsubsys__bluetooth__host.a(conn.c.obj)
                0x00000000000043a0                bt_conn_set_state
 .text.bt_conn_lookup_handle
                0x00000000000044b4       0x28 zephyr/subsys/bluetooth/host/libsubsys__bluetooth__host.a(conn.c.obj)
                0x00000000000044b4                bt_conn_lookup_handle
 .text.bt_conn_foreach
                0x00000000000044dc       0x30 zephyr/subsys/bluetooth/host/libsubsys__bluetooth__host.a(conn.c.obj)
                0x00000000000044dc                bt_conn_foreach
 .text.auto_initiated_procedures
                0x000000000000450c       0x10 zephyr/subsys/bluetooth/host/libsubsys__bluetooth__host.a(conn.c.obj)
 .text.bt_conn_index
                0x000000000000451c       0x18 zephyr/subsys/bluetooth/host/libsubsys__bluetooth__host.a(conn.c.obj)
                0x000000000000451c                bt_conn_index
 .text.bt_conn_create_pdu_timeout
                0x0000000000004534       0x48 zephyr/subsys/bluetooth/host/libsubsys__bluetooth__host.a(conn.c.obj)
                0x0000000000004534                bt_conn_create_pdu_timeout
 .text.bt_conn_connected
                0x000000000000457c       0x20 zephyr/subsys/bluetooth/host/libsubsys__bluetooth__host.a(conn.c.obj)
                0x000000000000457c                bt_conn_connected
 .text.bt_conn_tx_processor
                0x000000000000459c      0x1c4 zephyr/subsys/bluetooth/host/libsubsys__bluetooth__host.a(conn.c.obj)
                0x000000000000459c                bt_conn_tx_processor
 .text.notify_le_param_updated
                0x0000000000004760       0x94 zephyr/subsys/bluetooth/host/libsubsys__bluetooth__host.a(conn.c.obj)
                0x0000000000004760                notify_le_param_updated
 .text.le_param_req
                0x00000000000047f4       0x78 zephyr/subsys/bluetooth/host/libsubsys__bluetooth__host.a(conn.c.obj)
                0x00000000000047f4                le_param_req
 .text.bt_conn_add_le
                0x000000000000486c       0x54 zephyr/subsys/bluetooth/host/libsubsys__bluetooth__host.a(conn.c.obj)
                0x000000000000486c                bt_conn_add_le
 .text.bt_conn_lookup_addr_le
                0x00000000000048c0       0x34 zephyr/subsys/bluetooth/host/libsubsys__bluetooth__host.a(conn.c.obj)
                0x00000000000048c0                bt_conn_lookup_addr_le
 .text.bt_conn_lookup_state_le
                0x00000000000048f4       0x44 zephyr/subsys/bluetooth/host/libsubsys__bluetooth__host.a(conn.c.obj)
                0x00000000000048f4                bt_conn_lookup_state_le
 .text.send_conn_le_param_update
                0x0000000000004938       0x68 zephyr/subsys/bluetooth/host/libsubsys__bluetooth__host.a(conn.c.obj)
 .text.deferred_work
                0x00000000000049a0       0xfc zephyr/subsys/bluetooth/host/libsubsys__bluetooth__host.a(conn.c.obj)
 .text.bt_conn_init
                0x0000000000004a9c       0x44 zephyr/subsys/bluetooth/host/libsubsys__bluetooth__host.a(conn.c.obj)
                0x0000000000004a9c                bt_conn_init
 .text.l2cap_accept
                0x0000000000004ae0       0x1c zephyr/subsys/bluetooth/host/libsubsys__bluetooth__host.a(l2cap.c.obj)
 .text.bt_l2cap_connected
                0x0000000000004afc       0xa8 zephyr/subsys/bluetooth/host/libsubsys__bluetooth__host.a(l2cap.c.obj)
                0x0000000000004afc                bt_l2cap_connected
 .text.bt_l2cap_create_pdu_timeout
                0x0000000000004ba4       0x30 zephyr/subsys/bluetooth/host/libsubsys__bluetooth__host.a(l2cap.c.obj)
                0x0000000000004ba4                bt_l2cap_create_pdu_timeout
 .text.l2cap_data_pull
                0x0000000000004bd4       0xcc zephyr/subsys/bluetooth/host/libsubsys__bluetooth__host.a(l2cap.c.obj)
                0x0000000000004bd4                l2cap_data_pull
 .text.bt_l2cap_update_conn_param
                0x0000000000004ca0       0x50 zephyr/subsys/bluetooth/host/libsubsys__bluetooth__host.a(l2cap.c.obj)
                0x0000000000004ca0                bt_l2cap_update_conn_param
 .text.att_op_get_type
                0x0000000000004cf0       0x74 zephyr/subsys/bluetooth/host/libsubsys__bluetooth__host.a(att.c.obj)
 .text.bt_att_chan_create_pdu
                0x0000000000004d64       0x90 zephyr/subsys/bluetooth/host/libsubsys__bluetooth__host.a(att.c.obj)
 .text.bt_att_released
                0x0000000000004df4        0xc zephyr/subsys/bluetooth/host/libsubsys__bluetooth__host.a(att.c.obj)
 .text.bt_att_connected
                0x0000000000004e00       0x40 zephyr/subsys/bluetooth/host/libsubsys__bluetooth__host.a(att.c.obj)
 .text.bt_addr_le_to_str.constprop.0.isra.0
                0x0000000000004e40       0x78 zephyr/subsys/bluetooth/host/libsubsys__bluetooth__host.a(att.c.obj)
 .text.read_group_cb
                0x0000000000004eb8       0xb8 zephyr/subsys/bluetooth/host/libsubsys__bluetooth__host.a(att.c.obj)
 .text.bt_att_accept
                0x0000000000004f70       0xcc zephyr/subsys/bluetooth/host/libsubsys__bluetooth__host.a(att.c.obj)
 .text.read_type_cb
                0x000000000000503c       0xac zephyr/subsys/bluetooth/host/libsubsys__bluetooth__host.a(att.c.obj)
 .text.chan_send
                0x00000000000050e8       0xac zephyr/subsys/bluetooth/host/libsubsys__bluetooth__host.a(att.c.obj)
 .text.att_tx_destroy
                0x0000000000005194       0xdc zephyr/subsys/bluetooth/host/libsubsys__bluetooth__host.a(att.c.obj)
 .text.bt_att_recv
                0x0000000000005270       0x8c zephyr/subsys/bluetooth/host/libsubsys__bluetooth__host.a(att.c.obj)
 .text.att_write_rsp.constprop.0
                0x00000000000052fc       0xc0 zephyr/subsys/bluetooth/host/libsubsys__bluetooth__host.a(att.c.obj)
 .text.bt_att_create_rsp_pdu
                0x00000000000053bc       0x48 zephyr/subsys/bluetooth/host/libsubsys__bluetooth__host.a(att.c.obj)
                0x00000000000053bc                bt_att_create_rsp_pdu
 .text.att_read_group_req
                0x0000000000005404       0xf0 zephyr/subsys/bluetooth/host/libsubsys__bluetooth__host.a(att.c.obj)
 .text.att_read_mult_vl_req
                0x00000000000054f4       0x9c zephyr/subsys/bluetooth/host/libsubsys__bluetooth__host.a(att.c.obj)
 .text.att_read_mult_req
                0x0000000000005590       0x9c zephyr/subsys/bluetooth/host/libsubsys__bluetooth__host.a(att.c.obj)
 .text.att_read_rsp
                0x000000000000562c       0x90 zephyr/subsys/bluetooth/host/libsubsys__bluetooth__host.a(att.c.obj)
 .text.att_read_type_req
                0x00000000000056bc      0x114 zephyr/subsys/bluetooth/host/libsubsys__bluetooth__host.a(att.c.obj)
 .text.att_find_type_req
                0x00000000000057d0       0xc0 zephyr/subsys/bluetooth/host/libsubsys__bluetooth__host.a(att.c.obj)
 .text.att_find_info_req
                0x0000000000005890       0x6c zephyr/subsys/bluetooth/host/libsubsys__bluetooth__host.a(att.c.obj)
 .text.bt_att_req_alloc
                0x00000000000058fc       0x50 zephyr/subsys/bluetooth/host/libsubsys__bluetooth__host.a(att.c.obj)
                0x00000000000058fc                bt_att_req_alloc
 .text.bt_att_req_free
                0x000000000000594c       0x20 zephyr/subsys/bluetooth/host/libsubsys__bluetooth__host.a(att.c.obj)
                0x000000000000594c                bt_att_req_free
 .text.att_handle_rsp
                0x000000000000596c       0x74 zephyr/subsys/bluetooth/host/libsubsys__bluetooth__host.a(att.c.obj)
 .text.bt_att_disconnected
                0x00000000000059e0       0xc8 zephyr/subsys/bluetooth/host/libsubsys__bluetooth__host.a(att.c.obj)
 .text.bt_att_set_tx_meta_data
                0x0000000000005aa8       0x24 zephyr/subsys/bluetooth/host/libsubsys__bluetooth__host.a(att.c.obj)
                0x0000000000005aa8                bt_att_set_tx_meta_data
 .text.find_sc_cfg
                0x0000000000005acc       0x24 zephyr/subsys/bluetooth/host/libsubsys__bluetooth__host.a(gatt.c.obj)
 .text.read_ppcp
                0x0000000000005af0       0x28 zephyr/subsys/bluetooth/host/libsubsys__bluetooth__host.a(gatt.c.obj)
 .text.sc_save  0x0000000000005b18       0x54 zephyr/subsys/bluetooth/host/libsubsys__bluetooth__host.a(gatt.c.obj)
 .text.sc_indicate_rsp
                0x0000000000005b6c       0x38 zephyr/subsys/bluetooth/host/libsubsys__bluetooth__host.a(gatt.c.obj)
 .text.disconnected_cb
                0x0000000000005ba4       0xb4 zephyr/subsys/bluetooth/host/libsubsys__bluetooth__host.a(gatt.c.obj)
 .text.find_ccc_cfg
                0x0000000000005c58       0x2c zephyr/subsys/bluetooth/host/libsubsys__bluetooth__host.a(gatt.c.obj)
 .text.bt_gatt_attr_write_ccc
                0x0000000000005c84       0xc0 zephyr/subsys/bluetooth/host/libsubsys__bluetooth__host.a(gatt.c.obj)
                0x0000000000005c84                bt_gatt_attr_write_ccc
 .text.bt_gatt_init
                0x0000000000005d44       0x80 zephyr/subsys/bluetooth/host/libsubsys__bluetooth__host.a(gatt.c.obj)
                0x0000000000005d44                bt_gatt_init
 .text.bt_gatt_attr_get_handle
                0x0000000000005dc4       0x60 zephyr/subsys/bluetooth/host/libsubsys__bluetooth__host.a(gatt.c.obj)
                0x0000000000005dc4                bt_gatt_attr_get_handle
 .text.bt_gatt_foreach_attr_type
                0x0000000000005e24       0xb4 zephyr/subsys/bluetooth/host/libsubsys__bluetooth__host.a(gatt.c.obj)
                0x0000000000005e24                bt_gatt_foreach_attr_type
 .text.bt_gatt_attr_next
                0x0000000000005ed8       0x24 zephyr/subsys/bluetooth/host/libsubsys__bluetooth__host.a(gatt.c.obj)
                0x0000000000005ed8                bt_gatt_attr_next
 .text.gatt_indicate
                0x0000000000005efc       0xa0 zephyr/subsys/bluetooth/host/libsubsys__bluetooth__host.a(gatt.c.obj)
 .text.bt_gatt_indicate
                0x0000000000005f9c       0xf4 zephyr/subsys/bluetooth/host/libsubsys__bluetooth__host.a(gatt.c.obj)
                0x0000000000005f9c                bt_gatt_indicate
 .text.sc_process
                0x0000000000006090       0x78 zephyr/subsys/bluetooth/host/libsubsys__bluetooth__host.a(gatt.c.obj)
 .text.update_ccc
                0x0000000000006108       0xb8 zephyr/subsys/bluetooth/host/libsubsys__bluetooth__host.a(gatt.c.obj)
 .text.notify_cb
                0x00000000000061c0      0x100 zephyr/subsys/bluetooth/host/libsubsys__bluetooth__host.a(gatt.c.obj)
 .text.bt_gatt_connected
                0x00000000000062c0       0x20 zephyr/subsys/bluetooth/host/libsubsys__bluetooth__host.a(gatt.c.obj)
                0x00000000000062c0                bt_gatt_connected
 .text.bt_gatt_att_max_mtu_changed
                0x00000000000062e0       0x28 zephyr/subsys/bluetooth/host/libsubsys__bluetooth__host.a(gatt.c.obj)
                0x00000000000062e0                bt_gatt_att_max_mtu_changed
 .text.bt_gatt_disconnected
                0x0000000000006308       0x14 zephyr/subsys/bluetooth/host/libsubsys__bluetooth__host.a(gatt.c.obj)
                0x0000000000006308                bt_gatt_disconnected
 .text.bt_smp_accept
                0x000000000000631c       0x1c zephyr/subsys/bluetooth/host/libsubsys__bluetooth__host.a(smp_null.c.obj)
 .text.mem_init
                0x0000000000006338       0x48 zephyr/subsys/bluetooth/controller/libsubsys__bluetooth__controller.a(mem.c.obj)
                0x0000000000006338                mem_init
 .text.mem_acquire
                0x0000000000006380       0x2c zephyr/subsys/bluetooth/controller/libsubsys__bluetooth__controller.a(mem.c.obj)
                0x0000000000006380                mem_acquire
 .text.mem_release
                0x00000000000063ac       0x28 zephyr/subsys/bluetooth/controller/libsubsys__bluetooth__controller.a(mem.c.obj)
                0x00000000000063ac                mem_release
 .text.mem_get  0x00000000000063d4        0x8 zephyr/subsys/bluetooth/controller/libsubsys__bluetooth__controller.a(mem.c.obj)
                0x00000000000063d4                mem_get
 .text.mem_index_get
                0x00000000000063dc        0xc zephyr/subsys/bluetooth/controller/libsubsys__bluetooth__controller.a(mem.c.obj)
                0x00000000000063dc                mem_index_get
 .text.mem_rcopy
                0x00000000000063e8       0x1c zephyr/subsys/bluetooth/controller/libsubsys__bluetooth__controller.a(mem.c.obj)
                0x00000000000063e8                mem_rcopy
 .text.mem_nz   0x0000000000006404       0x18 zephyr/subsys/bluetooth/controller/libsubsys__bluetooth__controller.a(mem.c.obj)
                0x0000000000006404                mem_nz
 .text.memq_init
                0x000000000000641c        0x8 zephyr/subsys/bluetooth/controller/libsubsys__bluetooth__controller.a(memq.c.obj)
                0x000000000000641c                memq_init
 .text.memq_deinit
                0x0000000000006424       0x14 zephyr/subsys/bluetooth/controller/libsubsys__bluetooth__controller.a(memq.c.obj)
                0x0000000000006424                memq_deinit
 .text.memq_enqueue
                0x0000000000006438       0x14 zephyr/subsys/bluetooth/controller/libsubsys__bluetooth__controller.a(memq.c.obj)
                0x0000000000006438                memq_enqueue
 .text.memq_peek
                0x000000000000644c       0x10 zephyr/subsys/bluetooth/controller/libsubsys__bluetooth__controller.a(memq.c.obj)
                0x000000000000644c                memq_peek
 .text.memq_dequeue
                0x000000000000645c       0x20 zephyr/subsys/bluetooth/controller/libsubsys__bluetooth__controller.a(memq.c.obj)
                0x000000000000645c                memq_dequeue
 .text.mayfly_init
                0x000000000000647c       0x40 zephyr/subsys/bluetooth/controller/libsubsys__bluetooth__controller.a(mayfly.c.obj)
                0x000000000000647c                mayfly_init
 .text.mayfly_enable
                0x00000000000064bc       0x68 zephyr/subsys/bluetooth/controller/libsubsys__bluetooth__controller.a(mayfly.c.obj)
                0x00000000000064bc                mayfly_enable
 .text.mayfly_enqueue
                0x0000000000006524       0xbc zephyr/subsys/bluetooth/controller/libsubsys__bluetooth__controller.a(mayfly.c.obj)
                0x0000000000006524                mayfly_enqueue
 .text.mayfly_run
                0x00000000000065e0      0x174 zephyr/subsys/bluetooth/controller/libsubsys__bluetooth__controller.a(mayfly.c.obj)
                0x00000000000065e0                mayfly_run
 .text.util_ones_count_get
                0x0000000000006754       0x28 zephyr/subsys/bluetooth/controller/libsubsys__bluetooth__controller.a(util.c.obj)
                0x0000000000006754                util_ones_count_get
 .text.ticker_dequeue
                0x000000000000677c       0x74 zephyr/subsys/bluetooth/controller/libsubsys__bluetooth__controller.a(ticker.c.obj)
 .text.ticks_to_expire_prep
                0x00000000000067f0       0x48 zephyr/subsys/bluetooth/controller/libsubsys__bluetooth__controller.a(ticker.c.obj)
 .text.start_us.constprop.0
                0x0000000000006838       0xac zephyr/subsys/bluetooth/controller/libsubsys__bluetooth__controller.a(ticker.c.obj)
 .text.ticker_job_list_insert
                0x00000000000068e4      0x214 zephyr/subsys/bluetooth/controller/libsubsys__bluetooth__controller.a(ticker.c.obj)
 .text.ticker_worker
                0x0000000000006af8      0x388 zephyr/subsys/bluetooth/controller/libsubsys__bluetooth__controller.a(ticker.c.obj)
                0x0000000000006af8                ticker_worker
 .text.ticker_job
                0x0000000000006e80      0xb64 zephyr/subsys/bluetooth/controller/libsubsys__bluetooth__controller.a(ticker.c.obj)
                0x0000000000006e80                ticker_job
 .text.ticker_init
                0x00000000000079e4       0x64 zephyr/subsys/bluetooth/controller/libsubsys__bluetooth__controller.a(ticker.c.obj)
                0x00000000000079e4                ticker_init
 .text.ticker_trigger
                0x0000000000007a48       0x30 zephyr/subsys/bluetooth/controller/libsubsys__bluetooth__controller.a(ticker.c.obj)
                0x0000000000007a48                ticker_trigger
 .text.ticker_start
                0x0000000000007a78       0x38 zephyr/subsys/bluetooth/controller/libsubsys__bluetooth__controller.a(ticker.c.obj)
                0x0000000000007a78                ticker_start
 .text.ticker_start_ext
                0x0000000000007ab0       0x10 zephyr/subsys/bluetooth/controller/libsubsys__bluetooth__controller.a(ticker.c.obj)
                0x0000000000007ab0                ticker_start_ext
 .text.ticker_update_ext
                0x0000000000007ac0       0xb0 zephyr/subsys/bluetooth/controller/libsubsys__bluetooth__controller.a(ticker.c.obj)
                0x0000000000007ac0                ticker_update_ext
 .text.ticker_update
                0x0000000000007b70       0x30 zephyr/subsys/bluetooth/controller/libsubsys__bluetooth__controller.a(ticker.c.obj)
                0x0000000000007b70                ticker_update
 .text.ticker_stop
                0x0000000000007ba0       0x84 zephyr/subsys/bluetooth/controller/libsubsys__bluetooth__controller.a(ticker.c.obj)
                0x0000000000007ba0                ticker_stop
 .text.ticker_stop_abs
                0x0000000000007c24       0x88 zephyr/subsys/bluetooth/controller/libsubsys__bluetooth__controller.a(ticker.c.obj)
                0x0000000000007c24                ticker_stop_abs
 .text.ticker_ticks_now_get
                0x0000000000007cac        0x4 zephyr/subsys/bluetooth/controller/libsubsys__bluetooth__controller.a(ticker.c.obj)
                0x0000000000007cac                ticker_ticks_now_get
 .text.ticker_ticks_diff_get
                0x0000000000007cb0        0x8 zephyr/subsys/bluetooth/controller/libsubsys__bluetooth__controller.a(ticker.c.obj)
                0x0000000000007cb0                ticker_ticks_diff_get
 .text.ll_feat_get
                0x0000000000007cb8        0xc zephyr/subsys/bluetooth/controller/libsubsys__bluetooth__controller.a(ll_feat.c.obj)
                0x0000000000007cb8                ll_feat_get
 .text.ll_tx_pwr_lvl_get
                0x0000000000007cc4       0x20 zephyr/subsys/bluetooth/controller/libsubsys__bluetooth__controller.a(ll_tx_pwr.c.obj)
                0x0000000000007cc4                ll_tx_pwr_lvl_get
 .text.ll_tx_pwr_get
                0x0000000000007ce4        0x8 zephyr/subsys/bluetooth/controller/libsubsys__bluetooth__controller.a(ll_tx_pwr.c.obj)
                0x0000000000007ce4                ll_tx_pwr_get
 .text.ll_addr_set
                0x0000000000007cec       0x38 zephyr/subsys/bluetooth/controller/libsubsys__bluetooth__controller.a(ll_addr.c.obj)
                0x0000000000007cec                ll_addr_set
 .text.ll_addr_get
                0x0000000000007d24       0x20 zephyr/subsys/bluetooth/controller/libsubsys__bluetooth__controller.a(ll_addr.c.obj)
                0x0000000000007d24                ll_addr_get
 .text.ll_addr_read
                0x0000000000007d44       0x28 zephyr/subsys/bluetooth/controller/libsubsys__bluetooth__controller.a(ll_addr.c.obj)
                0x0000000000007d44                ll_addr_read
 .text.perform_lll_reset
                0x0000000000007d6c       0xa0 zephyr/subsys/bluetooth/controller/libsubsys__bluetooth__controller.a(ull.c.obj)
 .text.ull_ticker_status_give
                0x0000000000007e0c        0xc zephyr/subsys/bluetooth/controller/libsubsys__bluetooth__controller.a(ull.c.obj)
                0x0000000000007e0c                ull_ticker_status_give
 .text.disabled_cb
                0x0000000000007e18        0x4 zephyr/subsys/bluetooth/controller/libsubsys__bluetooth__controller.a(ull.c.obj)
 .text.tx_cmplt_get
                0x0000000000007e1c       0xb4 zephyr/subsys/bluetooth/controller/libsubsys__bluetooth__controller.a(ull.c.obj)
 .text.rx_replenish
                0x0000000000007ed0       0xf8 zephyr/subsys/bluetooth/controller/libsubsys__bluetooth__controller.a(ull.c.obj)
 .text.init_reset
                0x0000000000007fc8      0x138 zephyr/subsys/bluetooth/controller/libsubsys__bluetooth__controller.a(ull.c.obj)
 .text.rx_demux
                0x0000000000008100      0x2bc zephyr/subsys/bluetooth/controller/libsubsys__bluetooth__controller.a(ull.c.obj)
 .text.ll_init  0x00000000000083bc       0xe4 zephyr/subsys/bluetooth/controller/libsubsys__bluetooth__controller.a(ull.c.obj)
                0x00000000000083bc                ll_init
 .text.ll_reset
                0x00000000000084a0      0x13c zephyr/subsys/bluetooth/controller/libsubsys__bluetooth__controller.a(ull.c.obj)
                0x00000000000084a0                ll_reset
 .text.ll_deinit
                0x00000000000085dc       0x10 zephyr/subsys/bluetooth/controller/libsubsys__bluetooth__controller.a(ull.c.obj)
                0x00000000000085dc                ll_deinit
 .text.ll_rx_get
                0x00000000000085ec      0x104 zephyr/subsys/bluetooth/controller/libsubsys__bluetooth__controller.a(ull.c.obj)
                0x00000000000085ec                ll_rx_get
 .text.ll_rx_dequeue
                0x00000000000086f0      0x194 zephyr/subsys/bluetooth/controller/libsubsys__bluetooth__controller.a(ull.c.obj)
                0x00000000000086f0                ll_rx_dequeue
 .text.ll_rx_mem_release
                0x0000000000008884      0x198 zephyr/subsys/bluetooth/controller/libsubsys__bluetooth__controller.a(ull.c.obj)
                0x0000000000008884                ll_rx_mem_release
 .text.ll_rx_link_alloc
                0x0000000000008a1c        0xc zephyr/subsys/bluetooth/controller/libsubsys__bluetooth__controller.a(ull.c.obj)
                0x0000000000008a1c                ll_rx_link_alloc
 .text.ll_rx_link_release
                0x0000000000008a28        0xc zephyr/subsys/bluetooth/controller/libsubsys__bluetooth__controller.a(ull.c.obj)
                0x0000000000008a28                ll_rx_link_release
 .text.ll_rx_alloc
                0x0000000000008a34        0xc zephyr/subsys/bluetooth/controller/libsubsys__bluetooth__controller.a(ull.c.obj)
                0x0000000000008a34                ll_rx_alloc
 .text.ll_rx_release
                0x0000000000008a40        0xc zephyr/subsys/bluetooth/controller/libsubsys__bluetooth__controller.a(ull.c.obj)
                0x0000000000008a40                ll_rx_release
 .text.ll_rx_put
                0x0000000000008a4c       0x18 zephyr/subsys/bluetooth/controller/libsubsys__bluetooth__controller.a(ull.c.obj)
                0x0000000000008a4c                ll_rx_put
 .text.ll_rx_put_sched
                0x0000000000008a64       0x28 zephyr/subsys/bluetooth/controller/libsubsys__bluetooth__controller.a(ull.c.obj)
                0x0000000000008a64                ll_rx_put_sched
 .text.ll_pdu_rx_alloc_peek
                0x0000000000008a8c       0x34 zephyr/subsys/bluetooth/controller/libsubsys__bluetooth__controller.a(ull.c.obj)
                0x0000000000008a8c                ll_pdu_rx_alloc_peek
 .text.ll_pdu_rx_alloc
                0x0000000000008ac0       0x24 zephyr/subsys/bluetooth/controller/libsubsys__bluetooth__controller.a(ull.c.obj)
                0x0000000000008ac0                ll_pdu_rx_alloc
 .text.ll_tx_ack_put
                0x0000000000008ae4       0x60 zephyr/subsys/bluetooth/controller/libsubsys__bluetooth__controller.a(ull.c.obj)
                0x0000000000008ae4                ll_tx_ack_put
 .text.ull_ticker_status_take
                0x0000000000008b44       0x24 zephyr/subsys/bluetooth/controller/libsubsys__bluetooth__controller.a(ull.c.obj)
                0x0000000000008b44                ull_ticker_status_take
 .text.ull_disable_mark
                0x0000000000008b68       0x18 zephyr/subsys/bluetooth/controller/libsubsys__bluetooth__controller.a(ull.c.obj)
                0x0000000000008b68                ull_disable_mark
 .text.ull_disable_unmark
                0x0000000000008b80       0x18 zephyr/subsys/bluetooth/controller/libsubsys__bluetooth__controller.a(ull.c.obj)
                0x0000000000008b80                ull_disable_unmark
 .text.ull_disable_mark_get
                0x0000000000008b98        0xc zephyr/subsys/bluetooth/controller/libsubsys__bluetooth__controller.a(ull.c.obj)
                0x0000000000008b98                ull_disable_mark_get
 .text.ull_update_mark
                0x0000000000008ba4       0x18 zephyr/subsys/bluetooth/controller/libsubsys__bluetooth__controller.a(ull.c.obj)
                0x0000000000008ba4                ull_update_mark
 .text.ull_update_unmark
                0x0000000000008bbc       0x18 zephyr/subsys/bluetooth/controller/libsubsys__bluetooth__controller.a(ull.c.obj)
                0x0000000000008bbc                ull_update_unmark
 .text.ull_update_mark_get
                0x0000000000008bd4        0xc zephyr/subsys/bluetooth/controller/libsubsys__bluetooth__controller.a(ull.c.obj)
                0x0000000000008bd4                ull_update_mark_get
 .text.ull_disable
                0x0000000000008be0       0x7c zephyr/subsys/bluetooth/controller/libsubsys__bluetooth__controller.a(ull.c.obj)
                0x0000000000008be0                ull_disable
 .text.ull_ticker_stop_with_mark
                0x0000000000008c5c       0xa4 zephyr/subsys/bluetooth/controller/libsubsys__bluetooth__controller.a(ull.c.obj)
                0x0000000000008c5c                ull_ticker_stop_with_mark
 .text.ull_pdu_rx_alloc_peek
                0x0000000000008d00       0x34 zephyr/subsys/bluetooth/controller/libsubsys__bluetooth__controller.a(ull.c.obj)
                0x0000000000008d00                ull_pdu_rx_alloc_peek
 .text.ull_pdu_rx_alloc
                0x0000000000008d34       0x24 zephyr/subsys/bluetooth/controller/libsubsys__bluetooth__controller.a(ull.c.obj)
                0x0000000000008d34                ull_pdu_rx_alloc
 .text.ull_rx_put
                0x0000000000008d58       0x20 zephyr/subsys/bluetooth/controller/libsubsys__bluetooth__controller.a(ull.c.obj)
                0x0000000000008d58                ull_rx_put
 .text.ull_rx_sched
                0x0000000000008d78       0x10 zephyr/subsys/bluetooth/controller/libsubsys__bluetooth__controller.a(ull.c.obj)
                0x0000000000008d78                ull_rx_sched
 .text.ull_rx_put_sched
                0x0000000000008d88       0x30 zephyr/subsys/bluetooth/controller/libsubsys__bluetooth__controller.a(ull.c.obj)
                0x0000000000008d88                ull_rx_put_sched
 .text.ull_prepare_enqueue
                0x0000000000008db8       0x74 zephyr/subsys/bluetooth/controller/libsubsys__bluetooth__controller.a(ull.c.obj)
                0x0000000000008db8                ull_prepare_enqueue
 .text.ull_prepare_dequeue_get
                0x0000000000008e2c       0x1c zephyr/subsys/bluetooth/controller/libsubsys__bluetooth__controller.a(ull.c.obj)
                0x0000000000008e2c                ull_prepare_dequeue_get
 .text.ull_prepare_dequeue_iter
                0x0000000000008e48       0x34 zephyr/subsys/bluetooth/controller/libsubsys__bluetooth__controller.a(ull.c.obj)
                0x0000000000008e48                ull_prepare_dequeue_iter
 .text.ull_prepare_dequeue
                0x0000000000008e7c      0x130 zephyr/subsys/bluetooth/controller/libsubsys__bluetooth__controller.a(ull.c.obj)
                0x0000000000008e7c                ull_prepare_dequeue
 .text.ull_event_done_extra_get
                0x0000000000008fac       0x1c zephyr/subsys/bluetooth/controller/libsubsys__bluetooth__controller.a(ull.c.obj)
                0x0000000000008fac                ull_event_done_extra_get
 .text.ull_event_done
                0x0000000000008fc8       0x5c zephyr/subsys/bluetooth/controller/libsubsys__bluetooth__controller.a(ull.c.obj)
                0x0000000000008fc8                ull_event_done
 .text.lll_prepare
                0x0000000000009024       0x14 zephyr/subsys/bluetooth/controller/libsubsys__bluetooth__controller.a(lll_common.c.obj)
                0x0000000000009024                lll_prepare
 .text.lll_resume
                0x0000000000009038       0x50 zephyr/subsys/bluetooth/controller/libsubsys__bluetooth__controller.a(lll_common.c.obj)
                0x0000000000009038                lll_resume
 .text.hci_driver_close
                0x0000000000009088       0x50 zephyr/subsys/bluetooth/controller/libsubsys__bluetooth__controller.a(hci_driver.c.obj)
 .text.recv_thread
                0x00000000000090d8      0x130 zephyr/subsys/bluetooth/controller/libsubsys__bluetooth__controller.a(hci_driver.c.obj)
 .text.hci_driver_open
                0x0000000000009208       0xb0 zephyr/subsys/bluetooth/controller/libsubsys__bluetooth__controller.a(hci_driver.c.obj)
 .text.bt_recv_prio.isra.0
                0x00000000000092b8       0x18 zephyr/subsys/bluetooth/controller/libsubsys__bluetooth__controller.a(hci_driver.c.obj)
 .text.prio_recv_thread
                0x00000000000092d0       0xd0 zephyr/subsys/bluetooth/controller/libsubsys__bluetooth__controller.a(hci_driver.c.obj)
 .text.hci_driver_send
                0x00000000000093a0       0x7c zephyr/subsys/bluetooth/controller/libsubsys__bluetooth__controller.a(hci_driver.c.obj)
 .text.hci_recv_fifo_reset
                0x000000000000941c       0x20 zephyr/subsys/bluetooth/controller/libsubsys__bluetooth__controller.a(hci_driver.c.obj)
                0x000000000000941c                hci_recv_fifo_reset
 .text.le_remote_feat_complete
                0x000000000000943c       0x78 zephyr/subsys/bluetooth/controller/libsubsys__bluetooth__controller.a(hci.c.obj)
 .text.hci_vendor_cmd_handle_common
                0x00000000000094b4      0x194 zephyr/subsys/bluetooth/controller/libsubsys__bluetooth__controller.a(hci.c.obj)
                0x00000000000094b4                hci_vendor_cmd_handle_common
 .text.hci_cmd_handle
                0x0000000000009648      0x70c zephyr/subsys/bluetooth/controller/libsubsys__bluetooth__controller.a(hci.c.obj)
                0x0000000000009648                hci_cmd_handle
 .text.hci_acl_handle
                0x0000000000009d54       0xbc zephyr/subsys/bluetooth/controller/libsubsys__bluetooth__controller.a(hci.c.obj)
                0x0000000000009d54                hci_acl_handle
 .text.hci_disconn_complete_encode
                0x0000000000009e10       0x40 zephyr/subsys/bluetooth/controller/libsubsys__bluetooth__controller.a(hci.c.obj)
                0x0000000000009e10                hci_disconn_complete_encode
 .text.hci_disconn_complete_process
                0x0000000000009e50       0x10 zephyr/subsys/bluetooth/controller/libsubsys__bluetooth__controller.a(hci.c.obj)
                0x0000000000009e50                hci_disconn_complete_process
 .text.hci_acl_encode
                0x0000000000009e60       0x78 zephyr/subsys/bluetooth/controller/libsubsys__bluetooth__controller.a(hci.c.obj)
                0x0000000000009e60                hci_acl_encode
 .text.hci_evt_encode
                0x0000000000009ed8      0x474 zephyr/subsys/bluetooth/controller/libsubsys__bluetooth__controller.a(hci.c.obj)
                0x0000000000009ed8                hci_evt_encode
 .text.hci_num_cmplt_encode
                0x000000000000a34c       0x30 zephyr/subsys/bluetooth/controller/libsubsys__bluetooth__controller.a(hci.c.obj)
                0x000000000000a34c                hci_num_cmplt_encode
 .text.hci_get_class
                0x000000000000a37c       0x2c zephyr/subsys/bluetooth/controller/libsubsys__bluetooth__controller.a(hci.c.obj)
                0x000000000000a37c                hci_get_class
 .text.hci_init
                0x000000000000a3a8       0x40 zephyr/subsys/bluetooth/controller/libsubsys__bluetooth__controller.a(hci.c.obj)
                0x000000000000a3a8                hci_init
 .text.ticker_stop_cb
                0x000000000000a3e8       0x8c zephyr/subsys/bluetooth/controller/libsubsys__bluetooth__controller.a(ull_adv.c.obj)
 .text.disabled_cb
                0x000000000000a474       0x94 zephyr/subsys/bluetooth/controller/libsubsys__bluetooth__controller.a(ull_adv.c.obj)
 .text.ticker_stop_op_cb
                0x000000000000a508       0x48 zephyr/subsys/bluetooth/controller/libsubsys__bluetooth__controller.a(ull_adv.c.obj)
 .text.adv_disable
                0x000000000000a550       0x8c zephyr/subsys/bluetooth/controller/libsubsys__bluetooth__controller.a(ull_adv.c.obj)
 .text.ticker_update_op_cb
                0x000000000000a5dc       0x64 zephyr/subsys/bluetooth/controller/libsubsys__bluetooth__controller.a(ull_adv.c.obj)
 .text.init_set.constprop.0
                0x000000000000a640       0x44 zephyr/subsys/bluetooth/controller/libsubsys__bluetooth__controller.a(ull_adv.c.obj)
 .text.conn_release.constprop.0
                0x000000000000a684       0x88 zephyr/subsys/bluetooth/controller/libsubsys__bluetooth__controller.a(ull_adv.c.obj)
 .text.disable.constprop.0
                0x000000000000a70c      0x15c zephyr/subsys/bluetooth/controller/libsubsys__bluetooth__controller.a(ull_adv.c.obj)
 .text.adv_time_get.constprop.0.isra.0
                0x000000000000a868       0x7c zephyr/subsys/bluetooth/controller/libsubsys__bluetooth__controller.a(ull_adv.c.obj)
 .text.ticker_cb
                0x000000000000a8e4      0x14c zephyr/subsys/bluetooth/controller/libsubsys__bluetooth__controller.a(ull_adv.c.obj)
 .text.ll_adv_params_set
                0x000000000000aa30      0x1d8 zephyr/subsys/bluetooth/controller/libsubsys__bluetooth__controller.a(ull_adv.c.obj)
                0x000000000000aa30                ll_adv_params_set
 .text.ull_adv_init
                0x000000000000ac08       0x20 zephyr/subsys/bluetooth/controller/libsubsys__bluetooth__controller.a(ull_adv.c.obj)
                0x000000000000ac08                ull_adv_init
 .text.ull_adv_reset
                0x000000000000ac28        0xc zephyr/subsys/bluetooth/controller/libsubsys__bluetooth__controller.a(ull_adv.c.obj)
                0x000000000000ac28                ull_adv_reset
 .text.ull_adv_reset_finalize
                0x000000000000ac34       0x2c zephyr/subsys/bluetooth/controller/libsubsys__bluetooth__controller.a(ull_adv.c.obj)
                0x000000000000ac34                ull_adv_reset_finalize
 .text.ull_adv_handle_get
                0x000000000000ac60       0x1c zephyr/subsys/bluetooth/controller/libsubsys__bluetooth__controller.a(ull_adv.c.obj)
                0x000000000000ac60                ull_adv_handle_get
 .text.ull_adv_lll_handle_get
                0x000000000000ac7c       0x1c zephyr/subsys/bluetooth/controller/libsubsys__bluetooth__controller.a(ull_adv.c.obj)
                0x000000000000ac7c                ull_adv_lll_handle_get
 .text.ull_adv_is_enabled
                0x000000000000ac98       0x18 zephyr/subsys/bluetooth/controller/libsubsys__bluetooth__controller.a(ull_adv.c.obj)
                0x000000000000ac98                ull_adv_is_enabled
 .text.ull_adv_data_set
                0x000000000000acb0       0xc8 zephyr/subsys/bluetooth/controller/libsubsys__bluetooth__controller.a(ull_adv.c.obj)
                0x000000000000acb0                ull_adv_data_set
 .text.ll_adv_data_set
                0x000000000000ad78       0x10 zephyr/subsys/bluetooth/controller/libsubsys__bluetooth__controller.a(ull_adv.c.obj)
                0x000000000000ad78                ll_adv_data_set
 .text.ull_scan_rsp_set
                0x000000000000ad88       0xcc zephyr/subsys/bluetooth/controller/libsubsys__bluetooth__controller.a(ull_adv.c.obj)
                0x000000000000ad88                ull_scan_rsp_set
 .text.ll_adv_scan_rsp_set
                0x000000000000ae54       0x10 zephyr/subsys/bluetooth/controller/libsubsys__bluetooth__controller.a(ull_adv.c.obj)
                0x000000000000ae54                ll_adv_scan_rsp_set
 .text.init_reset
                0x000000000000ae64       0x5c zephyr/subsys/bluetooth/controller/libsubsys__bluetooth__controller.a(ull_conn.c.obj)
 .text.tx_lll_flush
                0x000000000000aec0       0xe8 zephyr/subsys/bluetooth/controller/libsubsys__bluetooth__controller.a(ull_conn.c.obj)
 .text.ticker_stop_op_cb
                0x000000000000afa8       0x6c zephyr/subsys/bluetooth/controller/libsubsys__bluetooth__controller.a(ull_conn.c.obj)
 .text.disabled_cb
                0x000000000000b014       0x44 zephyr/subsys/bluetooth/controller/libsubsys__bluetooth__controller.a(ull_conn.c.obj)
 .text.conn_disable
                0x000000000000b058       0x8c zephyr/subsys/bluetooth/controller/libsubsys__bluetooth__controller.a(ull_conn.c.obj)
 .text.conn_setup_adv_scan_disabled_cb
                0x000000000000b0e4       0x48 zephyr/subsys/bluetooth/controller/libsubsys__bluetooth__controller.a(ull_conn.c.obj)
 .text.ticker_update_conn_op_cb
                0x000000000000b12c       0x44 zephyr/subsys/bluetooth/controller/libsubsys__bluetooth__controller.a(ull_conn.c.obj)
 .text.ticker_start_conn_op_cb
                0x000000000000b170       0x60 zephyr/subsys/bluetooth/controller/libsubsys__bluetooth__controller.a(ull_conn.c.obj)
 .text.ticker_stop_conn_op_cb
                0x000000000000b1d0       0x60 zephyr/subsys/bluetooth/controller/libsubsys__bluetooth__controller.a(ull_conn.c.obj)
 .text.ll_conn_acquire
                0x000000000000b230        0xc zephyr/subsys/bluetooth/controller/libsubsys__bluetooth__controller.a(ull_conn.c.obj)
                0x000000000000b230                ll_conn_acquire
 .text.ll_conn_release
                0x000000000000b23c        0xc zephyr/subsys/bluetooth/controller/libsubsys__bluetooth__controller.a(ull_conn.c.obj)
                0x000000000000b23c                ll_conn_release
 .text.ll_conn_handle_get
                0x000000000000b248       0x10 zephyr/subsys/bluetooth/controller/libsubsys__bluetooth__controller.a(ull_conn.c.obj)
                0x000000000000b248                ll_conn_handle_get
 .text.ll_conn_get
                0x000000000000b258       0x10 zephyr/subsys/bluetooth/controller/libsubsys__bluetooth__controller.a(ull_conn.c.obj)
                0x000000000000b258                ll_conn_get
 .text.ll_connected_get
                0x000000000000b268       0x24 zephyr/subsys/bluetooth/controller/libsubsys__bluetooth__controller.a(ull_conn.c.obj)
                0x000000000000b268                ll_connected_get
 .text.ll_tx_mem_acquire
                0x000000000000b28c        0xc zephyr/subsys/bluetooth/controller/libsubsys__bluetooth__controller.a(ull_conn.c.obj)
                0x000000000000b28c                ll_tx_mem_acquire
 .text.ll_tx_mem_release
                0x000000000000b298        0xc zephyr/subsys/bluetooth/controller/libsubsys__bluetooth__controller.a(ull_conn.c.obj)
                0x000000000000b298                ll_tx_mem_release
 .text.ll_tx_mem_enqueue
                0x000000000000b2a4       0x90 zephyr/subsys/bluetooth/controller/libsubsys__bluetooth__controller.a(ull_conn.c.obj)
                0x000000000000b2a4                ll_tx_mem_enqueue
 .text.ll_conn_update
                0x000000000000b334       0x88 zephyr/subsys/bluetooth/controller/libsubsys__bluetooth__controller.a(ull_conn.c.obj)
                0x000000000000b334                ll_conn_update
 .text.ll_chm_get
                0x000000000000b3bc       0x44 zephyr/subsys/bluetooth/controller/libsubsys__bluetooth__controller.a(ull_conn.c.obj)
                0x000000000000b3bc                ll_chm_get
 .text.ll_terminate_ind_send
                0x000000000000b400       0x6c zephyr/subsys/bluetooth/controller/libsubsys__bluetooth__controller.a(ull_conn.c.obj)
                0x000000000000b400                ll_terminate_ind_send
 .text.ll_feature_req_send
                0x000000000000b46c       0x44 zephyr/subsys/bluetooth/controller/libsubsys__bluetooth__controller.a(ull_conn.c.obj)
                0x000000000000b46c                ll_feature_req_send
 .text.ll_version_ind_send
                0x000000000000b4b0       0x40 zephyr/subsys/bluetooth/controller/libsubsys__bluetooth__controller.a(ull_conn.c.obj)
                0x000000000000b4b0                ll_version_ind_send
 .text.ll_phy_get
                0x000000000000b4f0       0x3c zephyr/subsys/bluetooth/controller/libsubsys__bluetooth__controller.a(ull_conn.c.obj)
                0x000000000000b4f0                ll_phy_get
 .text.ll_phy_default_set
                0x000000000000b52c       0x14 zephyr/subsys/bluetooth/controller/libsubsys__bluetooth__controller.a(ull_conn.c.obj)
                0x000000000000b52c                ll_phy_default_set
 .text.ll_phy_req_send
                0x000000000000b540       0x64 zephyr/subsys/bluetooth/controller/libsubsys__bluetooth__controller.a(ull_conn.c.obj)
                0x000000000000b540                ll_phy_req_send
 .text.ll_apto_get
                0x000000000000b5a4       0x68 zephyr/subsys/bluetooth/controller/libsubsys__bluetooth__controller.a(ull_conn.c.obj)
                0x000000000000b5a4                ll_apto_get
 .text.ll_apto_set
                0x000000000000b60c       0x64 zephyr/subsys/bluetooth/controller/libsubsys__bluetooth__controller.a(ull_conn.c.obj)
                0x000000000000b60c                ll_apto_set
 .text.ull_conn_init
                0x000000000000b670        0x4 zephyr/subsys/bluetooth/controller/libsubsys__bluetooth__controller.a(ull_conn.c.obj)
                0x000000000000b670                ull_conn_init
 .text.ull_conn_reset
                0x000000000000b674       0x88 zephyr/subsys/bluetooth/controller/libsubsys__bluetooth__controller.a(ull_conn.c.obj)
                0x000000000000b674                ull_conn_reset
 .text.ull_conn_default_phy_tx_get
                0x000000000000b6fc        0xc zephyr/subsys/bluetooth/controller/libsubsys__bluetooth__controller.a(ull_conn.c.obj)
                0x000000000000b6fc                ull_conn_default_phy_tx_get
 .text.ull_conn_default_phy_rx_get
                0x000000000000b708        0xc zephyr/subsys/bluetooth/controller/libsubsys__bluetooth__controller.a(ull_conn.c.obj)
                0x000000000000b708                ull_conn_default_phy_rx_get
 .text.ull_conn_setup
                0x000000000000b714       0x54 zephyr/subsys/bluetooth/controller/libsubsys__bluetooth__controller.a(ull_conn.c.obj)
                0x000000000000b714                ull_conn_setup
 .text.ull_conn_rx
                0x000000000000b768       0x78 zephyr/subsys/bluetooth/controller/libsubsys__bluetooth__controller.a(ull_conn.c.obj)
                0x000000000000b768                ull_conn_rx
 .text.ull_conn_llcp
                0x000000000000b7e0       0x68 zephyr/subsys/bluetooth/controller/libsubsys__bluetooth__controller.a(ull_conn.c.obj)
                0x000000000000b7e0                ull_conn_llcp
 .text.ull_conn_tx_demux
                0x000000000000b848       0x7c zephyr/subsys/bluetooth/controller/libsubsys__bluetooth__controller.a(ull_conn.c.obj)
                0x000000000000b848                ull_conn_tx_demux
 .text.conn_cleanup
                0x000000000000b8c4      0x128 zephyr/subsys/bluetooth/controller/libsubsys__bluetooth__controller.a(ull_conn.c.obj)
 .text.ull_conn_tx_lll_enqueue
                0x000000000000b9ec       0x90 zephyr/subsys/bluetooth/controller/libsubsys__bluetooth__controller.a(ull_conn.c.obj)
                0x000000000000b9ec                ull_conn_tx_lll_enqueue
 .text.tx_demux
                0x000000000000ba7c       0x18 zephyr/subsys/bluetooth/controller/libsubsys__bluetooth__controller.a(ull_conn.c.obj)
 .text.ull_conn_link_tx_release
                0x000000000000ba94        0xc zephyr/subsys/bluetooth/controller/libsubsys__bluetooth__controller.a(ull_conn.c.obj)
                0x000000000000ba94                ull_conn_link_tx_release
 .text.ull_conn_ack_last_idx_get
                0x000000000000baa0        0xc zephyr/subsys/bluetooth/controller/libsubsys__bluetooth__controller.a(ull_conn.c.obj)
                0x000000000000baa0                ull_conn_ack_last_idx_get
 .text.ull_conn_ack_peek
                0x000000000000baac       0x30 zephyr/subsys/bluetooth/controller/libsubsys__bluetooth__controller.a(ull_conn.c.obj)
                0x000000000000baac                ull_conn_ack_peek
 .text.ull_conn_ack_by_last_peek
                0x000000000000badc       0x24 zephyr/subsys/bluetooth/controller/libsubsys__bluetooth__controller.a(ull_conn.c.obj)
                0x000000000000badc                ull_conn_ack_by_last_peek
 .text.ull_conn_ack_dequeue
                0x000000000000bb00       0x2c zephyr/subsys/bluetooth/controller/libsubsys__bluetooth__controller.a(ull_conn.c.obj)
                0x000000000000bb00                ull_conn_ack_dequeue
 .text.ull_conn_lll_ack_enqueue
                0x000000000000bb2c       0x60 zephyr/subsys/bluetooth/controller/libsubsys__bluetooth__controller.a(ull_conn.c.obj)
                0x000000000000bb2c                ull_conn_lll_ack_enqueue
 .text.ull_conn_tx_ack
                0x000000000000bb8c       0xd4 zephyr/subsys/bluetooth/controller/libsubsys__bluetooth__controller.a(ull_conn.c.obj)
                0x000000000000bb8c                ull_conn_tx_ack
 .text.ull_conn_lll_max_tx_octets_get
                0x000000000000bc60        0x4 zephyr/subsys/bluetooth/controller/libsubsys__bluetooth__controller.a(ull_conn.c.obj)
                0x000000000000bc60                ull_conn_lll_max_tx_octets_get
 .text.ull_pdu_data_init
                0x000000000000bc64        0x4 zephyr/subsys/bluetooth/controller/libsubsys__bluetooth__controller.a(ull_conn.c.obj)
                0x000000000000bc64                ull_pdu_data_init
 .text.ull_conn_pause_rx_data
                0x000000000000bc68       0x10 zephyr/subsys/bluetooth/controller/libsubsys__bluetooth__controller.a(ull_conn.c.obj)
                0x000000000000bc68                ull_conn_pause_rx_data
 .text.ull_conn_resume_rx_data
                0x000000000000bc78       0x10 zephyr/subsys/bluetooth/controller/libsubsys__bluetooth__controller.a(ull_conn.c.obj)
                0x000000000000bc78                ull_conn_resume_rx_data
 .text.ull_conn_event_counter
                0x000000000000bc88       0x1c zephyr/subsys/bluetooth/controller/libsubsys__bluetooth__controller.a(ull_conn.c.obj)
                0x000000000000bc88                ull_conn_event_counter
 .text.ull_conn_chan_map_set
                0x000000000000bca4       0x24 zephyr/subsys/bluetooth/controller/libsubsys__bluetooth__controller.a(ull_conn.c.obj)
                0x000000000000bca4                ull_conn_chan_map_set
 .text.llcp_rp_enc_tx
                0x000000000000bcc8       0xc8 zephyr/subsys/bluetooth/controller/libsubsys__bluetooth__controller.a(ull_llcp_enc.c.obj)
 .text.rp_enc_send_enc_rsp.constprop.0
                0x000000000000bd90       0x90 zephyr/subsys/bluetooth/controller/libsubsys__bluetooth__controller.a(ull_llcp_enc.c.obj)
 .text.rp_enc_send_start_enc_req.constprop.0
                0x000000000000be20       0xb8 zephyr/subsys/bluetooth/controller/libsubsys__bluetooth__controller.a(ull_llcp_enc.c.obj)
 .text.rp_enc_execute_fsm
                0x000000000000bed8      0x29c zephyr/subsys/bluetooth/controller/libsubsys__bluetooth__controller.a(ull_llcp_enc.c.obj)
 .text.llcp_rp_enc_rx
                0x000000000000c174       0x40 zephyr/subsys/bluetooth/controller/libsubsys__bluetooth__controller.a(ull_llcp_enc.c.obj)
                0x000000000000c174                llcp_rp_enc_rx
 .text.llcp_rp_enc_ltk_req_reply
                0x000000000000c1b4        0x8 zephyr/subsys/bluetooth/controller/libsubsys__bluetooth__controller.a(ull_llcp_enc.c.obj)
                0x000000000000c1b4                llcp_rp_enc_ltk_req_reply
 .text.llcp_rp_enc_ltk_req_neg_reply
                0x000000000000c1bc        0x8 zephyr/subsys/bluetooth/controller/libsubsys__bluetooth__controller.a(ull_llcp_enc.c.obj)
                0x000000000000c1bc                llcp_rp_enc_ltk_req_neg_reply
 .text.llcp_rp_enc_ltk_req_reply_allowed
                0x000000000000c1c4       0x10 zephyr/subsys/bluetooth/controller/libsubsys__bluetooth__controller.a(ull_llcp_enc.c.obj)
                0x000000000000c1c4                llcp_rp_enc_ltk_req_reply_allowed
 .text.llcp_rp_enc_run
                0x000000000000c1d4        0x8 zephyr/subsys/bluetooth/controller/libsubsys__bluetooth__controller.a(ull_llcp_enc.c.obj)
                0x000000000000c1d4                llcp_rp_enc_run
 .text.pu_check_update_ind
                0x000000000000c1dc       0x60 zephyr/subsys/bluetooth/controller/libsubsys__bluetooth__controller.a(ull_llcp_phy.c.obj)
 .text.pu_ntf   0x000000000000c23c       0xac zephyr/subsys/bluetooth/controller/libsubsys__bluetooth__controller.a(ull_llcp_phy.c.obj)
 .text.lp_pu_send_phy_req.constprop.0.isra.0
                0x000000000000c2e8      0x110 zephyr/subsys/bluetooth/controller/libsubsys__bluetooth__controller.a(ull_llcp_phy.c.obj)
 .text.rp_pu_send_phy_rsp.isra.0
                0x000000000000c3f8       0xbc zephyr/subsys/bluetooth/controller/libsubsys__bluetooth__controller.a(ull_llcp_phy.c.obj)
 .text.lp_pu_execute_fsm
                0x000000000000c4b4      0x2bc zephyr/subsys/bluetooth/controller/libsubsys__bluetooth__controller.a(ull_llcp_phy.c.obj)
 .text.rp_pu_execute_fsm
                0x000000000000c770      0x248 zephyr/subsys/bluetooth/controller/libsubsys__bluetooth__controller.a(ull_llcp_phy.c.obj)
 .text.llcp_lp_pu_rx
                0x000000000000c9b8       0x40 zephyr/subsys/bluetooth/controller/libsubsys__bluetooth__controller.a(ull_llcp_phy.c.obj)
                0x000000000000c9b8                llcp_lp_pu_rx
 .text.llcp_lp_pu_run
                0x000000000000c9f8        0x8 zephyr/subsys/bluetooth/controller/libsubsys__bluetooth__controller.a(ull_llcp_phy.c.obj)
                0x000000000000c9f8                llcp_lp_pu_run
 .text.llcp_lp_pu_tx_ack
                0x000000000000ca00        0x8 zephyr/subsys/bluetooth/controller/libsubsys__bluetooth__controller.a(ull_llcp_phy.c.obj)
                0x000000000000ca00                llcp_lp_pu_tx_ack
 .text.llcp_lp_pu_tx_ntf
                0x000000000000ca08       0x60 zephyr/subsys/bluetooth/controller/libsubsys__bluetooth__controller.a(ull_llcp_phy.c.obj)
                0x000000000000ca08                llcp_lp_pu_tx_ntf
 .text.llcp_rp_pu_rx
                0x000000000000ca68       0x3c zephyr/subsys/bluetooth/controller/libsubsys__bluetooth__controller.a(ull_llcp_phy.c.obj)
                0x000000000000ca68                llcp_rp_pu_rx
 .text.llcp_rp_pu_run
                0x000000000000caa4        0x8 zephyr/subsys/bluetooth/controller/libsubsys__bluetooth__controller.a(ull_llcp_phy.c.obj)
                0x000000000000caa4                llcp_rp_pu_run
 .text.llcp_rp_pu_tx_ack
                0x000000000000caac        0x8 zephyr/subsys/bluetooth/controller/libsubsys__bluetooth__controller.a(ull_llcp_phy.c.obj)
                0x000000000000caac                llcp_rp_pu_tx_ack
 .text.llcp_rp_pu_tx_ntf
                0x000000000000cab4        0x8 zephyr/subsys/bluetooth/controller/libsubsys__bluetooth__controller.a(ull_llcp_phy.c.obj)
                0x000000000000cab4                llcp_rp_pu_tx_ntf
 .text.ull_tx_q_init
                0x000000000000cabc       0x10 zephyr/subsys/bluetooth/controller/libsubsys__bluetooth__controller.a(ull_tx_queue.c.obj)
                0x000000000000cabc                ull_tx_q_init
 .text.ull_tx_q_pause_data
                0x000000000000cacc        0x8 zephyr/subsys/bluetooth/controller/libsubsys__bluetooth__controller.a(ull_tx_queue.c.obj)
                0x000000000000cacc                ull_tx_q_pause_data
 .text.ull_tx_q_resume_data
                0x000000000000cad4       0x30 zephyr/subsys/bluetooth/controller/libsubsys__bluetooth__controller.a(ull_tx_queue.c.obj)
                0x000000000000cad4                ull_tx_q_resume_data
 .text.ull_tx_q_enqueue_data
                0x000000000000cb04       0x28 zephyr/subsys/bluetooth/controller/libsubsys__bluetooth__controller.a(ull_tx_queue.c.obj)
                0x000000000000cb04                ull_tx_q_enqueue_data
 .text.ull_tx_q_enqueue_ctrl
                0x000000000000cb2c       0x14 zephyr/subsys/bluetooth/controller/libsubsys__bluetooth__controller.a(ull_tx_queue.c.obj)
                0x000000000000cb2c                ull_tx_q_enqueue_ctrl
 .text.ull_tx_q_peek
                0x000000000000cb40        0x4 zephyr/subsys/bluetooth/controller/libsubsys__bluetooth__controller.a(ull_tx_queue.c.obj)
                0x000000000000cb40                ull_tx_q_peek
 .text.ull_tx_q_dequeue
                0x000000000000cb44       0x14 zephyr/subsys/bluetooth/controller/libsubsys__bluetooth__controller.a(ull_tx_queue.c.obj)
                0x000000000000cb44                ull_tx_q_dequeue
 .text.pdu_validate_conn_update_ind
                0x000000000000cb58       0x10 zephyr/subsys/bluetooth/controller/libsubsys__bluetooth__controller.a(ull_llcp.c.obj)
 .text.pdu_validate_chan_map_ind
                0x000000000000cb68       0x10 zephyr/subsys/bluetooth/controller/libsubsys__bluetooth__controller.a(ull_llcp.c.obj)
 .text.pdu_validate_terminate_ind
                0x000000000000cb78       0x10 zephyr/subsys/bluetooth/controller/libsubsys__bluetooth__controller.a(ull_llcp.c.obj)
 .text.pdu_validate_enc_req
                0x000000000000cb88       0x10 zephyr/subsys/bluetooth/controller/libsubsys__bluetooth__controller.a(ull_llcp.c.obj)
 .text.pdu_validate_start_enc_rsp
                0x000000000000cb98       0x10 zephyr/subsys/bluetooth/controller/libsubsys__bluetooth__controller.a(ull_llcp.c.obj)
 .text.pdu_validate_feature_req
                0x000000000000cba8       0x10 zephyr/subsys/bluetooth/controller/libsubsys__bluetooth__controller.a(ull_llcp.c.obj)
 .text.pdu_validate_version_ind
                0x000000000000cbb8       0x10 zephyr/subsys/bluetooth/controller/libsubsys__bluetooth__controller.a(ull_llcp.c.obj)
 .text.pdu_validate_conn_param_req
                0x000000000000cbc8       0x10 zephyr/subsys/bluetooth/controller/libsubsys__bluetooth__controller.a(ull_llcp.c.obj)
 .text.pdu_validate_reject_ext_ind
                0x000000000000cbd8       0x10 zephyr/subsys/bluetooth/controller/libsubsys__bluetooth__controller.a(ull_llcp.c.obj)
 .text.pdu_validate_phy_upd_ind
                0x000000000000cbe8       0x10 zephyr/subsys/bluetooth/controller/libsubsys__bluetooth__controller.a(ull_llcp.c.obj)
 .text.create_procedure
                0x000000000000cbf8       0x38 zephyr/subsys/bluetooth/controller/libsubsys__bluetooth__controller.a(ull_llcp.c.obj)
 .text.pdu_validate_clock_accuracy_rsp
                0x000000000000cc30       0x10 zephyr/subsys/bluetooth/controller/libsubsys__bluetooth__controller.a(ull_llcp.c.obj)
 .text.pdu_validate_unknown_rsp
                0x000000000000cc40       0x10 zephyr/subsys/bluetooth/controller/libsubsys__bluetooth__controller.a(ull_llcp.c.obj)
 .text.pdu_validate_pause_enc_req
                0x000000000000cc50       0x10 zephyr/subsys/bluetooth/controller/libsubsys__bluetooth__controller.a(ull_llcp.c.obj)
 .text.pdu_validate_reject_ind
                0x000000000000cc60       0x10 zephyr/subsys/bluetooth/controller/libsubsys__bluetooth__controller.a(ull_llcp.c.obj)
 .text.pdu_validate_conn_param_rsp
                0x000000000000cc70       0x10 zephyr/subsys/bluetooth/controller/libsubsys__bluetooth__controller.a(ull_llcp.c.obj)
 .text.pdu_validate_ping_req
                0x000000000000cc80       0x10 zephyr/subsys/bluetooth/controller/libsubsys__bluetooth__controller.a(ull_llcp.c.obj)
 .text.pdu_validate_ping_rsp
                0x000000000000cc90       0x10 zephyr/subsys/bluetooth/controller/libsubsys__bluetooth__controller.a(ull_llcp.c.obj)
 .text.pdu_validate_length_rsp
                0x000000000000cca0       0x10 zephyr/subsys/bluetooth/controller/libsubsys__bluetooth__controller.a(ull_llcp.c.obj)
 .text.pdu_validate_phy_req
                0x000000000000ccb0       0x10 zephyr/subsys/bluetooth/controller/libsubsys__bluetooth__controller.a(ull_llcp.c.obj)
 .text.pdu_validate_phy_rsp
                0x000000000000ccc0       0x10 zephyr/subsys/bluetooth/controller/libsubsys__bluetooth__controller.a(ull_llcp.c.obj)
 .text.llcp_proc_ctx_release
                0x000000000000ccd0       0x48 zephyr/subsys/bluetooth/controller/libsubsys__bluetooth__controller.a(ull_llcp.c.obj)
                0x000000000000ccd0                llcp_proc_ctx_release
 .text.llcp_tx_alloc_peek
                0x000000000000cd18       0x10 zephyr/subsys/bluetooth/controller/libsubsys__bluetooth__controller.a(ull_llcp.c.obj)
                0x000000000000cd18                llcp_tx_alloc_peek
 .text.llcp_tx_alloc
                0x000000000000cd28       0x18 zephyr/subsys/bluetooth/controller/libsubsys__bluetooth__controller.a(ull_llcp.c.obj)
                0x000000000000cd28                llcp_tx_alloc
 .text.llcp_ntf_alloc_is_available
                0x000000000000cd40       0x10 zephyr/subsys/bluetooth/controller/libsubsys__bluetooth__controller.a(ull_llcp.c.obj)
                0x000000000000cd40                llcp_ntf_alloc_is_available
 .text.llcp_ntf_alloc
                0x000000000000cd50        0x4 zephyr/subsys/bluetooth/controller/libsubsys__bluetooth__controller.a(ull_llcp.c.obj)
                0x000000000000cd50                llcp_ntf_alloc
 .text.llcp_tx_enqueue
                0x000000000000cd54        0x8 zephyr/subsys/bluetooth/controller/libsubsys__bluetooth__controller.a(ull_llcp.c.obj)
                0x000000000000cd54                llcp_tx_enqueue
 .text.llcp_tx_pause_data
                0x000000000000cd5c       0x28 zephyr/subsys/bluetooth/controller/libsubsys__bluetooth__controller.a(ull_llcp.c.obj)
                0x000000000000cd5c                llcp_tx_pause_data
 .text.llcp_tx_resume_data
                0x000000000000cd84       0x18 zephyr/subsys/bluetooth/controller/libsubsys__bluetooth__controller.a(ull_llcp.c.obj)
                0x000000000000cd84                llcp_tx_resume_data
 .text.llcp_rx_node_retain
                0x000000000000cd9c       0x48 zephyr/subsys/bluetooth/controller/libsubsys__bluetooth__controller.a(ull_llcp.c.obj)
                0x000000000000cd9c                llcp_rx_node_retain
 .text.llcp_rx_node_release
                0x000000000000cde4       0x4c zephyr/subsys/bluetooth/controller/libsubsys__bluetooth__controller.a(ull_llcp.c.obj)
                0x000000000000cde4                llcp_rx_node_release
 .text.llcp_nodes_release
                0x000000000000ce30       0x34 zephyr/subsys/bluetooth/controller/libsubsys__bluetooth__controller.a(ull_llcp.c.obj)
                0x000000000000ce30                llcp_nodes_release
 .text.llcp_create_remote_procedure
                0x000000000000ce64       0x3c zephyr/subsys/bluetooth/controller/libsubsys__bluetooth__controller.a(ull_llcp.c.obj)
                0x000000000000ce64                llcp_create_remote_procedure
 .text.ull_cp_init
                0x000000000000cea0       0x38 zephyr/subsys/bluetooth/controller/libsubsys__bluetooth__controller.a(ull_llcp.c.obj)
                0x000000000000cea0                ull_cp_init
 .text.ull_llcp_init
                0x000000000000ced8       0x6c zephyr/subsys/bluetooth/controller/libsubsys__bluetooth__controller.a(ull_llcp.c.obj)
                0x000000000000ced8                ull_llcp_init
 .text.ull_cp_release_tx
                0x000000000000cf44        0xc zephyr/subsys/bluetooth/controller/libsubsys__bluetooth__controller.a(ull_llcp.c.obj)
                0x000000000000cf44                ull_cp_release_tx
 .text.ull_cp_prt_elapse
                0x000000000000cf50       0x78 zephyr/subsys/bluetooth/controller/libsubsys__bluetooth__controller.a(ull_llcp.c.obj)
                0x000000000000cf50                ull_cp_prt_elapse
 .text.ull_cp_prt_reload_set
                0x000000000000cfc8       0x14 zephyr/subsys/bluetooth/controller/libsubsys__bluetooth__controller.a(ull_llcp.c.obj)
                0x000000000000cfc8                ull_cp_prt_reload_set
 .text.ull_cp_run
                0x000000000000cfdc       0x14 zephyr/subsys/bluetooth/controller/libsubsys__bluetooth__controller.a(ull_llcp.c.obj)
                0x000000000000cfdc                ull_cp_run
 .text.ull_cp_state_set
                0x000000000000cff0       0x28 zephyr/subsys/bluetooth/controller/libsubsys__bluetooth__controller.a(ull_llcp.c.obj)
                0x000000000000cff0                ull_cp_state_set
 .text.ull_cp_release_nodes
                0x000000000000d018       0x40 zephyr/subsys/bluetooth/controller/libsubsys__bluetooth__controller.a(ull_llcp.c.obj)
                0x000000000000d018                ull_cp_release_nodes
 .text.ull_cp_min_used_chans
                0x000000000000d058       0x3c zephyr/subsys/bluetooth/controller/libsubsys__bluetooth__controller.a(ull_llcp.c.obj)
                0x000000000000d058                ull_cp_min_used_chans
 .text.ull_cp_le_ping
                0x000000000000d094       0x24 zephyr/subsys/bluetooth/controller/libsubsys__bluetooth__controller.a(ull_llcp.c.obj)
                0x000000000000d094                ull_cp_le_ping
 .text.ull_cp_feature_exchange
                0x000000000000d0b8       0x30 zephyr/subsys/bluetooth/controller/libsubsys__bluetooth__controller.a(ull_llcp.c.obj)
                0x000000000000d0b8                ull_cp_feature_exchange
 .text.ull_cp_version_exchange
                0x000000000000d0e8       0x24 zephyr/subsys/bluetooth/controller/libsubsys__bluetooth__controller.a(ull_llcp.c.obj)
                0x000000000000d0e8                ull_cp_version_exchange
 .text.ull_cp_phy_update
                0x000000000000d10c       0x50 zephyr/subsys/bluetooth/controller/libsubsys__bluetooth__controller.a(ull_llcp.c.obj)
                0x000000000000d10c                ull_cp_phy_update
 .text.ull_cp_terminate
                0x000000000000d15c       0x34 zephyr/subsys/bluetooth/controller/libsubsys__bluetooth__controller.a(ull_llcp.c.obj)
                0x000000000000d15c                ull_cp_terminate
 .text.ull_cp_chan_map_update_pending
                0x000000000000d190       0x24 zephyr/subsys/bluetooth/controller/libsubsys__bluetooth__controller.a(ull_llcp.c.obj)
                0x000000000000d190                ull_cp_chan_map_update_pending
 .text.ull_cp_ltk_req_reply
                0x000000000000d1b4       0x4c zephyr/subsys/bluetooth/controller/libsubsys__bluetooth__controller.a(ull_llcp.c.obj)
                0x000000000000d1b4                ull_cp_ltk_req_reply
 .text.ull_cp_ltk_req_neq_reply
                0x000000000000d200       0x30 zephyr/subsys/bluetooth/controller/libsubsys__bluetooth__controller.a(ull_llcp.c.obj)
                0x000000000000d200                ull_cp_ltk_req_neq_reply
 .text.ull_cp_conn_update
                0x000000000000d230       0xf8 zephyr/subsys/bluetooth/controller/libsubsys__bluetooth__controller.a(ull_llcp.c.obj)
                0x000000000000d230                ull_cp_conn_update
 .text.ull_cp_conn_param_req_reply
                0x000000000000d328       0x20 zephyr/subsys/bluetooth/controller/libsubsys__bluetooth__controller.a(ull_llcp.c.obj)
                0x000000000000d328                ull_cp_conn_param_req_reply
 .text.ull_cp_conn_param_req_neg_reply
                0x000000000000d348       0x24 zephyr/subsys/bluetooth/controller/libsubsys__bluetooth__controller.a(ull_llcp.c.obj)
                0x000000000000d348                ull_cp_conn_param_req_neg_reply
 .text.ull_cp_remote_cpr_pending
                0x000000000000d36c       0x18 zephyr/subsys/bluetooth/controller/libsubsys__bluetooth__controller.a(ull_llcp.c.obj)
                0x000000000000d36c                ull_cp_remote_cpr_pending
 .text.ull_cp_tx_ack
                0x000000000000d384       0x3c zephyr/subsys/bluetooth/controller/libsubsys__bluetooth__controller.a(ull_llcp.c.obj)
                0x000000000000d384                ull_cp_tx_ack
 .text.ull_cp_tx_ntf
                0x000000000000d3c0       0x28 zephyr/subsys/bluetooth/controller/libsubsys__bluetooth__controller.a(ull_llcp.c.obj)
                0x000000000000d3c0                ull_cp_tx_ntf
 .text.ull_cp_rx
                0x000000000000d3e8      0x180 zephyr/subsys/bluetooth/controller/libsubsys__bluetooth__controller.a(ull_llcp.c.obj)
                0x000000000000d3e8                ull_cp_rx
 .text.lp_comm_tx
                0x000000000000d568       0xf4 zephyr/subsys/bluetooth/controller/libsubsys__bluetooth__controller.a(ull_llcp_common.c.obj)
 .text.rp_comm_tx_proxy.constprop.0